Component: ARM Compiler 5.06 update 6 (build 750) Tool: armlink [4d35ed]

==============================================================================

Section Cross References

    startup_pac55xx_keil.o(RESET) refers to startup_pac55xx_keil.o(STACK) for __initial_sp
    startup_pac55xx_keil.o(RESET) refers to startup_pac55xx_keil.o(.text) for Reset_Handler
    startup_pac55xx_keil.o(RESET) refers to sleep_app.o(i.SysTick_Handler) for SysTick_Handler
    startup_pac55xx_keil.o(RESET) refers to rtc_isr.o(ramfunc) for RTC_IRQHandler
    startup_pac55xx_keil.o(RESET) refers to adc_isr.o(ramfunc) for ADC_IRQHandler
    startup_pac55xx_keil.o(RESET) refers to timer_isr.o(ramfunc) for TimerA_IRQHandler
    startup_pac55xx_keil.o(RESET) refers to qep_isr.o(ramfunc) for QEPC_IRQHandler
    startup_pac55xx_keil.o(RESET) refers to gpio_isr.o(ramfunc) for GpioC_IRQHandler
    startup_pac55xx_keil.o(RESET) refers to i2c_isr.o(i.I2C_IRQHandler) for I2C_IRQHandler
    startup_pac55xx_keil.o(RESET) refers to uart_isr.o(i.USARTA_IRQHandler) for USARTA_IRQHandler
    startup_pac55xx_keil.o(RESET) refers to uart_isr.o(i.USARTB_IRQHandler) for USARTB_IRQHandler
    startup_pac55xx_keil.o(RESET) refers to uart_isr.o(i.USARTC_IRQHandler) for USARTC_IRQHandler
    startup_pac55xx_keil.o(RESET) refers to uart_isr.o(i.USARTD_IRQHandler) for USARTD_IRQHandler
    startup_pac55xx_keil.o(RESET) refers to can_isr.o(ramfunc) for CAN_IRQHandler
    startup_pac55xx_keil.o(RESET) refers to gptimera_isr.o(ramfunc) for GPTimerA_IRQHandler
    startup_pac55xx_keil.o(RESET) refers to gptimerb_isr.o(ramfunc) for GPTimerB_IRQHandler
    startup_pac55xx_keil.o(.text) refers to pac5xxx_driver_system.o(i.pac_recovery) for pac_recovery
    startup_pac55xx_keil.o(.text) refers to system_pac5xxx.o(i.SystemInit) for SystemInit
    startup_pac55xx_keil.o(.text) refers to entry.o(.ARM.Collect$$$$00000000) for __main
    system_pac5xxx.o(i.SystemCoreClockUpdate) refers to system_pac5xxx.o(.data) for .data
    system_pac5xxx.o(i.SystemExternalClockUpdate) refers to system_pac5xxx.o(.data) for .data
    system_pac5xxx.o(i.SystemInit) refers to system_pac5xxx.o(.data) for .data
    pac5xxx_driver_system.o(i.pac_recovery) refers to startup_pac55xx_keil.o(.text) for pac_delay_asm
    pac5xxx_driver_tile_socbridge.o(i.pac5xxx_tile_socbridge_config) refers to pac5xxx_driver_socbridge.o(i.pac5xxx_socbridge_config) for pac5xxx_socbridge_config
    pac5xxx_driver_tile_socbridge.o(i.pac5xxx_tile_socbridge_config) refers to pac5xxx_driver_socbridge.o(i.pac5xxx_socbridge_config_io) for pac5xxx_socbridge_config_io
    adc_isr.o(ramfunc) refers to adc_isr.o(.bss) for .bss
    adc_app.o(i.adc_app) refers to sysclk_func.o(i.system_init) for system_init
    adc_app.o(i.adc_app) refers to uart_func.o(i.uart_init) for uart_init
    adc_app.o(i.adc_app) refers to gpio_func.o(i.gpio_output_init) for gpio_output_init
    adc_app.o(i.adc_app) refers to pac5xxx_driver_tile_socbridge.o(i.pac5xxx_tile_socbridge_config) for pac5xxx_tile_socbridge_config
    adc_app.o(i.adc_app) refers to adc_func.o(i.configurable_analog_front_end_init) for configurable_analog_front_end_init
    adc_app.o(i.adc_app) refers to adc_func.o(i.analog_signal_aio_adc_config) for analog_signal_aio_adc_config
    adc_app.o(i.adc_app) refers to adc_func.o(i.adc_manual_init) for adc_manual_init
    adc_app.o(i.adc_app) refers to user.o(i.delay_times) for delay_times
    adc_app.o(i.adc_app) refers to adc_func.o(i.adc_manual_sample) for adc_manual_sample
    adc_app.o(i.adc_app) refers to adc_func.o(i.adc_manual_convert_vcore) for adc_manual_convert_vcore
    adc_app.o(i.adc_app) refers to adc_func.o(i.adc_manual_convert_vcc33) for adc_manual_convert_vcc33
    adc_app.o(i.adc_app) refers to adc_func.o(i.adc_manual_convert_vccio) for adc_manual_convert_vccio
    adc_app.o(i.adc_app) refers to adc_func.o(i.adc_manual_convert_vsys) for adc_manual_convert_vsys
    adc_app.o(i.adc_app) refers to adc_func.o(i.adc_manual_convert_vp) for adc_manual_convert_vp
    adc_app.o(i.adc_app) refers to adc_func.o(i.adc_manual_convert_temperature) for adc_manual_convert_temperature
    adc_app.o(i.test_adc_dtse_multi_sequence) refers to pwm_func.o(i.configure_timer_c_pwm_trigger_adc) for configure_timer_c_pwm_trigger_adc
    adc_app.o(i.test_adc_dtse_multi_sequence) refers to adc_func.o(i.init_adc_dtse_multi_sequence) for init_adc_dtse_multi_sequence
    adc_app.o(i.test_adc_dtse_multi_sequence) refers to user.o(i.delay_times) for delay_times
    adc_app.o(i.test_adc_dtse_multi_sequence) refers to printfa.o(i.__0printf) for __2printf
    adc_app.o(i.test_adc_dtse_multi_sequence) refers to adc_isr.o(.bss) for adc_val
    adc_app.o(i.test_adc_dtse_multi_sequence) refers to adc_app.o(.conststring) for .conststring
    adc_app.o(i.test_adc_dtse_sequence_example_1) refers to pwm_func.o(i.configure_timer_c_pwm_trigger_adc) for configure_timer_c_pwm_trigger_adc
[...]
    printfa.o(i.__0printf) refers to stdout.o(.data) for __stdout
    printfa.o(i.__0snprintf) refers (Special) to iusefp.o(.text) for __I$use$fp
    printfa.o(i.__0snprintf) refers to printfa.o(i._printf_core) for _printf_core
    printfa.o(i.__0snprintf) refers to printfa.o(i._snputc) for _snputc
    printfa.o(i.__0sprintf) refers (Special) to iusefp.o(.text) for __I$use$fp
    printfa.o(i.__0sprintf) refers to printfa.o(i._printf_core) for _printf_core
    printfa.o(i.__0sprintf) refers to printfa.o(i._sputc) for _sputc
    printfa.o(i.__0vfprintf) refers (Special) to iusefp.o(.text) for __I$use$fp
    printfa.o(i.__0vfprintf) refers to printfa.o(i._printf_core) for _printf_core
    printfa.o(i.__0vfprintf) refers to user_printf.o(i.fputc) for fputc
    printfa.o(i.__0vprintf) refers (Special) to iusefp.o(.text) for __I$use$fp
    printfa.o(i.__0vprintf) refers to printfa.o(i._printf_core) for _printf_core
    printfa.o(i.__0vprintf) refers to user_printf.o(i.fputc) for fputc
    printfa.o(i.__0vprintf) refers to stdout.o(.data) for __stdout
    printfa.o(i.__0vsnprintf) refers (Special) to iusefp.o(.text) for __I$use$fp
    printfa.o(i.__0vsnprintf) refers to printfa.o(i._printf_core) for _printf_core
    printfa.o(i.__0vsnprintf) refers to printfa.o(i._snputc) for _snputc
    printfa.o(i.__0vsprintf) refers (Special) to iusefp.o(.text) for __I$use$fp
    printfa.o(i.__0vsprintf) refers to printfa.o(i._printf_core) for _printf_core
    printfa.o(i.__0vsprintf) refers to printfa.o(i._sputc) for _sputc
    printfa.o(i._fp_digits) refers (Special) to iusefp.o(.text) for __I$use$fp
    printfa.o(i._fp_digits) refers to dmul.o(.text) for __aeabi_dmul
    printfa.o(i._fp_digits) refers to ddiv.o(.text) for __aeabi_ddiv
    printfa.o(i._fp_digits) refers to cdrcmple.o(.text) for __aeabi_cdrcmple
    printfa.o(i._fp_digits) refers to dadd.o(.text) for __aeabi_dadd
    printfa.o(i._fp_digits) refers to dfixul.o(.text) for __aeabi_d2ulz
    printfa.o(i._fp_digits) refers to uldiv.o(.text) for __aeabi_uldivmod
    printfa.o(i._printf_core) refers (Special) to iusefp.o(.text) for __I$use$fp
    printfa.o(i._printf_core) refers to printfa.o(i._printf_pre_padding) for _printf_pre_padding
    printfa.o(i._printf_core) refers to uldiv.o(.text) for __aeabi_uldivmod
    printfa.o(i._printf_core) refers to printfa.o(i._printf_post_padding) for _printf_post_padding
    printfa.o(i._printf_core) refers to printfa.o(i._fp_digits) for _fp_digits
    printfa.o(i._printf_core) refers to uidiv.o(.text) for __aeabi_uidivmod
    printfa.o(i._printf_post_padding) refers (Special) to iusefp.o(.text) for __I$use$fp
    printfa.o(i._printf_pre_padding) refers (Special) to iusefp.o(.text) for __I$use$fp
    printfa.o(i._snputc) refers (Special) to iusefp.o(.text) for __I$use$fp
    printfa.o(i._sputc) refers (Special) to iusefp.o(.text) for __I$use$fp
    dmul.o(.text) refers (Special) to iusefp.o(.text) for __I$use$fp
    dmul.o(.text) refers to depilogue.o(.text) for _double_epilogue
    dflti.o(.text) refers (Special) to iusefp.o(.text) for __I$use$fp
    dflti.o(.text) refers to depilogue.o(.text) for _double_epilogue
    f2d.o(.text) refers (Special) to iusefp.o(.text) for __I$use$fp
    d2f.o(.text) refers (Special) to iusefp.o(.text) for __I$use$fp
    d2f.o(.text) refers to fepilogue.o(.text) for _float_round
    entry2.o(.ARM.Collect$$$$00000001) refers to entry2.o(.ARM.Collect$$$$00002712) for __lit__00000000
    entry2.o(.ARM.Collect$$$$00002712) refers to startup_pac55xx_keil.o(STACK) for __initial_sp
    entry2.o(__vectab_stack_and_reset_area) refers to startup_pac55xx_keil.o(STACK) for __initial_sp
    entry2.o(__vectab_stack_and_reset_area) refers to entry.o(.ARM.Collect$$$$00000000) for __main
    entry5.o(.ARM.Collect$$$$00000004) refers to init.o(.text) for __scatterload
    entry9a.o(.ARM.Collect$$$$0000000B) refers to main.o(i.main) for main
    entry9b.o(.ARM.Collect$$$$0000000C) refers to main.o(i.main) for main
    uldiv.o(.text) refers to llushr.o(.text) for __aeabi_llsr
    uldiv.o(.text) refers to llshl.o(.text) for __aeabi_llsl
    depilogue.o(.text) refers to llshl.o(.text) for __aeabi_llsl
    depilogue.o(.text) refers to llushr.o(.text) for __aeabi_llsr
    dadd.o(.text) refers to llshl.o(.text) for __aeabi_llsl
    dadd.o(.text) refers to llsshr.o(.text) for __aeabi_lasr
    dadd.o(.text) refers to depilogue.o(.text) for _double_epilogue
    ddiv.o(.text) refers to depilogue.o(.text) for _double_round
    dfixul.o(.text) refers to llushr.o(.text) for __aeabi_llsr
    dfixul.o(.text) refers to llshl.o(.text) for __aeabi_llsl
    init.o(.text) refers to entry5.o(.ARM.Collect$$$$00000004) for __main_after_scatterload


==============================================================================

Removing Unused input sections from the image.

    Removing startup_pac55xx_keil.o(HEAP), (0 bytes).
    Removing startup_pac55xx_keil.o(text), (14 bytes).
    Removing system_pac5xxx.o(.rev16_text), (4 bytes).
    Removing system_pac5xxx.o(.revsh_text), (4 bytes).
    Removing system_pac5xxx.o(.rrx_text), (6 bytes).
    Removing system_pac5xxx.o(i.SystemCoreClockUpdate), (132 bytes).
    Removing system_pac5xxx.o(i.SystemExternalClockUpdate), (12 bytes).
    Removing pac5xxx_driver_adc.o(.rev16_text), (4 bytes).
    Removing pac5xxx_driver_adc.o(.revsh_text), (4 bytes).
    Removing pac5xxx_driver_adc.o(.rrx_text), (6 bytes).
    Removing pac5xxx_driver_adc.o(i.pac5xxx_adc_emux_config), (22 bytes).
    Removing pac5xxx_driver_adc.o(i.pac5xxx_dtse_seq_config), (88 bytes).
    Removing pac5xxx_driver_adc.o(i.pac5xxx_dtse_seq_config_table), (64 bytes).
    Removing pac5xxx_driver_gpio.o(.rev16_text), (4 bytes).
    Removing pac5xxx_driver_gpio.o(.revsh_text), (4 bytes).
    Removing pac5xxx_driver_gpio.o(.rrx_text), (6 bytes).
    Removing pac5xxx_driver_gpio.o(i.pac5xxx_gpio_configure_interrupt_a), (548 bytes).
    Removing pac5xxx_driver_gpio.o(i.pac5xxx_gpio_configure_interrupt_b), (548 bytes).
    Removing pac5xxx_driver_gpio.o(i.pac5xxx_gpio_configure_interrupt_c), (548 bytes).
    Removing pac5xxx_driver_gpio.o(i.pac5xxx_gpio_configure_interrupt_d), (480 bytes).
    Removing pac5xxx_driver_gpio.o(i.pac5xxx_gpio_configure_interrupt_e), (548 bytes).
    Removing pac5xxx_driver_gpio.o(i.pac5xxx_gpio_configure_interrupt_f), (548 bytes).
    Removing pac5xxx_driver_gpio.o(i.pac5xxx_gpio_configure_interrupt_g), (548 bytes).
    Removing pac5xxx_driver_socbridge.o(.rev16_text), (4 bytes).
    Removing pac5xxx_driver_socbridge.o(.revsh_text), (4 bytes).
    Removing pac5xxx_driver_socbridge.o(.rrx_text), (6 bytes).
    Removing pac5xxx_driver_system.o(.rev16_text), (4 bytes).
    Removing pac5xxx_driver_system.o(.revsh_text), (4 bytes).
    Removing pac5xxx_driver_system.o(.rrx_text), (6 bytes).
    Removing pac5xxx_driver_tile_socbridge.o(.rev16_text), (4 bytes).
    Removing pac5xxx_driver_tile_socbridge.o(.revsh_text), (4 bytes).
    Removing pac5xxx_driver_tile_socbridge.o(.rrx_text), (6 bytes).
    Removing pac5xxx_driver_timer.o(.rev16_text), (4 bytes).
    Removing pac5xxx_driver_timer.o(.revsh_text), (4 bytes).
    Removing pac5xxx_driver_timer.o(.rrx_text), (6 bytes).
    Removing pac5xxx_driver_timer.o(i.pac5xxx_dtg_config2), (26 bytes).
    Removing pac5xxx_driver_timer.o(i.pac5xxx_timer_base_config), (96 bytes).
    Removing pac5xxx_driver_timer.o(i.pac5xxx_timer_clock_config), (60 bytes).
    Removing pac5xxx_driver_timer.o(i.timer_ccr_to_handle2), (320 bytes).
    Removing pac5xxx_driver_uart.o(.rev16_text), (4 bytes).
    Removing pac5xxx_driver_uart.o(.revsh_text), (4 bytes).
    Removing pac5xxx_driver_uart.o(.rrx_text), (6 bytes).
    Removing pac5xxx_driver_uart.o(i.pac5xxx_uart_io_config2), (64 bytes).
    Removing pac5xxx_driver_can.o(.rev16_text), (4 bytes).
    Removing pac5xxx_driver_can.o(.revsh_text), (4 bytes).
    Removing pac5xxx_driver_can.o(.rrx_text), (6 bytes).
    Removing pac5xxx_driver_can.o(i.pac5xxx_can_io_config), (64 bytes).
    Removing adc_isr.o(.rev16_text), (4 bytes).
    Removing adc_isr.o(.revsh_text), (4 bytes).
    Removing adc_isr.o(.rrx_text), (6 bytes).
    Removing adc_app.o(.rev16_text), (4 bytes).
    Removing adc_app.o(.revsh_text), (4 bytes).
    Removing adc_app.o(.rrx_text), (6 bytes).
    Removing adc_app.o(i.test_adc_dtse_multi_sequence), (228 bytes).
    Removing adc_app.o(i.test_adc_dtse_sequence_example_1), (160 bytes).
    Removing adc_app.o(i.test_adc_dtse_sequence_example_2_optimized), (160 bytes).
    Removing adc_app.o(i.test_adc_dtse_sequence_example_4_diff_amps_held), (104 bytes).
    Removing adc_app.o(i.test_manual_adc), (48 bytes).
    Removing adc_app.o(.conststring), (148 bytes).
    Removing adc_func.o(.rev16_text), (4 bytes).
    Removing adc_func.o(.revsh_text), (4 bytes).
    Removing adc_func.o(.rrx_text), (6 bytes).
    Removing adc_func.o(i.adc_convert), (28 bytes).
    Removing adc_func.o(i.adc_manual_convert_channel), (36 bytes).
    Removing adc_func.o(i.adc_manual_convert_vcomp), (156 bytes).
    Removing adc_func.o(i.config_adc_dtse_multi_sequence), (428 bytes).
    Removing adc_func.o(i.config_adc_dtse_sequence_example_1), (240 bytes).
    Removing adc_func.o(i.config_adc_dtse_sequence_example_2_optimized), (196 bytes).
    Removing adc_func.o(i.config_adc_dtse_sequence_example_4_diff_amps_held), (184 bytes).
    Removing adc_func.o(i.init_adc_dtse_multi_sequence), (116 bytes).
    Removing adc_func.o(i.init_adc_dtse_sequence_example_1), (72 bytes).
    Removing adc_func.o(i.init_adc_dtse_sequence_example_2_optimized), (72 bytes).
    Removing adc_func.o(i.init_adc_dtse_sequence_example_4_diff_amps_held), (72 bytes).
    Removing aio_app.o(.rev16_text), (4 bytes).
    Removing aio_app.o(.revsh_text), (4 bytes).
    Removing aio_app.o(.rrx_text), (6 bytes).
    Removing aio_app.o(i.aio_app), (38 bytes).
    Removing aio_func.o(.rev16_text), (4 bytes).
    Removing aio_func.o(.revsh_text), (4 bytes).
    Removing aio_func.o(.rrx_text), (6 bytes).
    Removing aio_func.o(i.aio6789_comparator_output), (56 bytes).
    Removing aio_func.o(i.aio6_special_output_hpdac), (56 bytes).
    Removing aio_func.o(i.aio6_special_output_lpdac), (58 bytes).
    Removing aio_func.o(i.aio789_special_output), (36 bytes).
    Removing aio_func.o(i.aio_input), (92 bytes).
    Removing aio_func.o(i.aio_output), (72 bytes).
    Removing aio_func.o(i.analog_signal_aio6_special_config), (30 bytes).
    Removing aio_func.o(i.analog_signal_aio789_special_config), (38 bytes).
    Removing aio_func.o(i.analog_signal_aio_comparator_config), (46 bytes).
    Removing aio_func.o(i.analog_signal_aio_diff_amp_and_protect_config), (118 bytes).
    Removing aio_func.o(i.analog_signal_aio_input_config), (94 bytes).
    Removing aio_func.o(i.analog_signal_aio_output_config), (94 bytes).
    Removing aio_func.o(i.analog_signal_over_current_limit), (28 bytes).
    Removing aio_func.o(i.oc_reset), (82 bytes).
    Removing aio_func.o(.data), (1 bytes).
    Removing can_isr.o(.rev16_text), (4 bytes).
    Removing can_isr.o(.revsh_text), (4 bytes).
    Removing can_isr.o(.rrx_text), (6 bytes).
    Removing can_app.o(.rev16_text), (4 bytes).
    Removing can_app.o(.revsh_text), (4 bytes).
    Removing can_app.o(.rrx_text), (6 bytes).
    Removing can_app.o(i.can_app), (436 bytes).
    Removing can_func.o(.rev16_text), (4 bytes).
    Removing can_func.o(.revsh_text), (4 bytes).
    Removing can_func.o(.rrx_text), (6 bytes).
    Removing can_func.o(i.can_baud), (352 bytes).
    Removing can_func.o(i.can_init), (96 bytes).
    Removing can_func.o(i.can_io_config), (496 bytes).
    Removing can_func.o(i.can_transmit), (88 bytes).
    Removing can_func.o(.data), (8 bytes).
    Removing crc_app.o(.rev16_text), (4 bytes).
    Removing crc_app.o(.revsh_text), (4 bytes).
    Removing crc_app.o(.rrx_text), (6 bytes).
    Removing crc_app.o(i.crc_app), (212 bytes).
    Removing crc_app.o(.data), (36 bytes).
    Removing crc_func.o(.rev16_text), (4 bytes).
    Removing crc_func.o(.revsh_text), (4 bytes).
    Removing crc_func.o(.rrx_text), (6 bytes).
    Removing crc_func.o(i.crc_init), (52 bytes).
    Removing crc_func.o(i.crc_output_data), (68 bytes).
    Removing flash_app.o(.rev16_text), (4 bytes).
    Removing flash_app.o(.revsh_text), (4 bytes).
    Removing flash_app.o(.rrx_text), (6 bytes).
    Removing flash_app.o(i.flash_app), (584 bytes).
    Removing flash_app.o(i.print_mem_format_hex_32bit), (200 bytes).
    Removing flash_app.o(.bss), (256 bytes).
    Removing flash_app.o(.conststring), (434 bytes).
    Removing flash_func.o(.rev16_text), (4 bytes).
    Removing flash_func.o(.revsh_text), (4 bytes).
    Removing flash_func.o(.rrx_text), (6 bytes).
    Removing flash_func.o(ramfunc), (400 bytes).
    Removing gpio_isr.o(.rev16_text), (4 bytes).
    Removing gpio_isr.o(.revsh_text), (4 bytes).
    Removing gpio_isr.o(.rrx_text), (6 bytes).
    Removing gpio_app.o(.rev16_text), (4 bytes).
    Removing gpio_app.o(.revsh_text), (4 bytes).
    Removing gpio_app.o(.rrx_text), (6 bytes).
    Removing gpio_app.o(i.gpio_app), (60 bytes).
    Removing gpio_func.o(.rev16_text), (4 bytes).
    Removing gpio_func.o(.revsh_text), (4 bytes).
    Removing gpio_func.o(.rrx_text), (6 bytes).
    Removing gpio_func.o(i.gpio_input_init), (56 bytes).
    Removing gpio_func.o(i.gpio_interrupt_init), (100 bytes).
    Removing gpio_func.o(i.gpiox_debug_init), (152 bytes).
    Removing gpio_func.o(i.pwm_disable), (48 bytes).
    Removing gpio_func.o(i.pwm_enable), (40 bytes).
    Removing gpio_func.o(i.set_drivers_gpio), (36 bytes).
    Removing gptimera_isr.o(.rev16_text), (4 bytes).
    Removing gptimera_isr.o(.revsh_text), (4 bytes).
    Removing gptimera_isr.o(.rrx_text), (6 bytes).
    Removing gptimera_app.o(.rev16_text), (4 bytes).
    Removing gptimera_app.o(.revsh_text), (4 bytes).
    Removing gptimera_app.o(.rrx_text), (6 bytes).
    Removing gptimera_app.o(i.gptimera_app), (100 bytes).
    Removing gptimera_func.o(.rev16_text), (4 bytes).
    Removing gptimera_func.o(.revsh_text), (4 bytes).
    Removing gptimera_func.o(.rrx_text), (6 bytes).
    Removing gptimera_func.o(i.configure_gptimera), (68 bytes).
    Removing gptimerb_isr.o(.rev16_text), (4 bytes).
    Removing gptimerb_isr.o(.revsh_text), (4 bytes).
    Removing gptimerb_isr.o(.rrx_text), (6 bytes).
    Removing gptimerb_app.o(.rev16_text), (4 bytes).
    Removing gptimerb_app.o(.revsh_text), (4 bytes).
    Removing gptimerb_app.o(.rrx_text), (6 bytes).
    Removing gptimerb_app.o(i.gptimerb_app), (100 bytes).
    Removing gptimerb_func.o(.rev16_text), (4 bytes).
    Removing gptimerb_func.o(.revsh_text), (4 bytes).
    Removing gptimerb_func.o(.rrx_text), (6 bytes).
    Removing gptimerb_func.o(i.configure_gptimerb), (68 bytes).
    Removing hib_app.o(.rev16_text), (4 bytes).
    Removing hib_app.o(.revsh_text), (4 bytes).
    Removing hib_app.o(.rrx_text), (6 bytes).
    Removing hib_app.o(i.hib_app), (156 bytes).
    Removing hib_func.o(.rev16_text), (4 bytes).
    Removing hib_func.o(.revsh_text), (4 bytes).
    Removing hib_func.o(.rrx_text), (6 bytes).
    Removing hib_func.o(i.hibernate_mode_config), (22 bytes).
    Removing i2c_app.o(.rev16_text), (4 bytes).
    Removing i2c_app.o(.revsh_text), (4 bytes).
    Removing i2c_app.o(.rrx_text), (6 bytes).
    Removing i2c_app.o(i.i2c_app), (168 bytes).
    Removing i2c_app.o(i.i2c_delay), (12 bytes).
    Removing i2c_app.o(.constdata), (20 bytes).
    Removing i2c_app.o(.data), (20 bytes).
    Removing i2c_isr.o(.rev16_text), (4 bytes).
    Removing i2c_isr.o(.revsh_text), (4 bytes).
    Removing i2c_isr.o(.rrx_text), (6 bytes).
    Removing i2c_func.o(.rev16_text), (4 bytes).
    Removing i2c_func.o(.revsh_text), (4 bytes).
    Removing i2c_func.o(.rrx_text), (6 bytes).
    Removing i2c_func.o(i.I2C_delay), (18 bytes).
    Removing i2c_func.o(i.i2c_init), (172 bytes).
    Removing i2c_func.o(i.i2c_interrupt_enable), (32 bytes).
    Removing i2c_func.o(i.i2c_io_config), (72 bytes).
    Removing i2c_func.o(i.i2c_io_select_pc01), (68 bytes).
    Removing i2c_func.o(i.i2c_io_select_pc45), (72 bytes).
    Removing i2c_func.o(i.i2c_io_select_pd67), (72 bytes).
    Removing i2c_func.o(i.i2c_io_select_pe01), (68 bytes).
    Removing i2c_func.o(i.i2c_io_select_pe45), (72 bytes).
    Removing i2c_func.o(i.i2c_io_select_pf67), (72 bytes).
    Removing i2c_func.o(i.i2c_io_select_pg46), (76 bytes).
    Removing i2c_func.o(i.i2c_master_read_multi), (296 bytes).
    Removing i2c_func.o(i.i2c_master_read_multi_standard), (596 bytes).
    Removing i2c_func.o(i.i2c_master_read_one), (272 bytes).
    Removing i2c_func.o(i.i2c_master_read_one_standard), (464 bytes).
    Removing i2c_func.o(i.i2c_master_write_multi), (328 bytes).
    Removing i2c_func.o(i.i2c_master_write_multi_standard), (404 bytes).
    Removing i2c_func.o(i.i2c_master_write_one), (196 bytes).
    Removing i2c_func.o(i.i2c_master_write_one_standard), (316 bytes).
    Removing i2c_func.o(i.i2c_reset), (20 bytes).
    Removing power_app.o(.rev16_text), (4 bytes).
    Removing power_app.o(.revsh_text), (4 bytes).
    Removing power_app.o(.rrx_text), (6 bytes).
    Removing power_app.o(i.power_app), (36 bytes).
    Removing power_func.o(.rev16_text), (4 bytes).
    Removing power_func.o(.revsh_text), (4 bytes).
    Removing power_func.o(.rrx_text), (6 bytes).
    Removing power_func.o(i.power_config), (46 bytes).
    Removing rtc_isr.o(.rev16_text), (4 bytes).
    Removing rtc_isr.o(.revsh_text), (4 bytes).
    Removing rtc_isr.o(.rrx_text), (6 bytes).
    Removing rtc_app.o(.rev16_text), (4 bytes).
    Removing rtc_app.o(.revsh_text), (4 bytes).
    Removing rtc_app.o(.rrx_text), (6 bytes).
    Removing rtc_app.o(i.rtc_app), (168 bytes).
    Removing rtc_func.o(.rev16_text), (4 bytes).
    Removing rtc_func.o(.revsh_text), (4 bytes).
    Removing rtc_func.o(.rrx_text), (6 bytes).
    Removing rtc_func.o(i.configure_rtc), (236 bytes).
    Removing rtc_func.o(i.rtc_read_date), (108 bytes).
    Removing rtc_func.o(i.rtc_read_time), (84 bytes).
    Removing rtc_func.o(i.rtc_set_alarm), (112 bytes).
    Removing rtc_func.o(i.rtc_set_date), (64 bytes).
    Removing rtc_func.o(i.rtc_set_time), (36 bytes).
    Removing ssp_app.o(.rev16_text), (4 bytes).
    Removing ssp_app.o(.revsh_text), (4 bytes).
    Removing ssp_app.o(.rrx_text), (6 bytes).
    Removing ssp_app.o(i.ssp_app), (44 bytes).
    Removing ssp_isr.o(.rev16_text), (4 bytes).
    Removing ssp_isr.o(.revsh_text), (4 bytes).
    Removing ssp_isr.o(.rrx_text), (6 bytes).
    Removing ssp_isr.o(.bss), (20 bytes).
    Removing ssp_isr.o(.data), (2 bytes).
    Removing ssp_func.o(.rev16_text), (4 bytes).
    Removing ssp_func.o(.revsh_text), (4 bytes).
    Removing ssp_func.o(.rrx_text), (6 bytes).
    Removing ssp_func.o(i.SSPA_IO_Select_PA3456), (184 bytes).
    Removing ssp_func.o(i.SSPB_IO_Select_PA3456), (184 bytes).
    Removing ssp_func.o(i.SSPB_IO_Select_PC0123), (176 bytes).
    Removing ssp_func.o(i.SSPB_IO_Select_PC4567), (184 bytes).
    Removing ssp_func.o(i.SSPB_IO_Select_PE4567), (184 bytes).
    Removing ssp_func.o(i.SSPB_IO_Select_PF0123), (176 bytes).
    Removing ssp_func.o(i.SSPC_IO_Select_PC0123), (176 bytes).
    Removing ssp_func.o(i.SSPC_IO_Select_PC4567), (184 bytes).
    Removing ssp_func.o(i.SSPC_IO_Select_PD0123), (176 bytes).
    Removing ssp_func.o(i.SSPC_IO_Select_PE0123), (176 bytes).
    Removing ssp_func.o(i.SSPD_IO_Select_PD4567), (184 bytes).
    Removing ssp_func.o(i.SSPD_IO_Select_PE4567), (184 bytes).
    Removing ssp_func.o(i.SSPD_IO_Select_PF4567), (184 bytes).
    Removing ssp_func.o(i.SSPD_IO_Select_PG0123), (176 bytes).
    Removing ssp_func.o(i.SSPD_IO_Select_PG4567), (184 bytes).
    Removing ssp_func.o(i.ssp_init), (240 bytes).
    Removing ssp_func.o(i.ssp_interrupt_enable), (120 bytes).
    Removing ssp_func.o(i.ssp_io_config), (40 bytes).
    Removing ssp_func.o(i.ssp_write_multi), (124 bytes).
    Removing ssp_func.o(i.ssp_write_one), (88 bytes).
    Removing sysclk_app.o(.rev16_text), (4 bytes).
    Removing sysclk_app.o(.revsh_text), (4 bytes).
    Removing sysclk_app.o(.rrx_text), (6 bytes).
    Removing sysclk_app.o(i.sysclk_app), (24 bytes).
    Removing sysclk_func.o(.rev16_text), (4 bytes).
    Removing sysclk_func.o(.revsh_text), (4 bytes).
    Removing sysclk_func.o(.rrx_text), (6 bytes).
    Removing timer_isr.o(.rev16_text), (4 bytes).
    Removing timer_isr.o(.revsh_text), (4 bytes).
    Removing timer_isr.o(.rrx_text), (6 bytes).
    Removing capture_func.o(.rev16_text), (4 bytes).
    Removing capture_func.o(.revsh_text), (4 bytes).
    Removing capture_func.o(.rrx_text), (6 bytes).
    Removing capture_func.o(i.configure_timer_c_pwm_output), (96 bytes).
    Removing capture_func.o(i.configure_timer_d_capture_mode), (128 bytes).
    Removing pwm_driver_func.o(.rev16_text), (4 bytes).
    Removing pwm_driver_func.o(.revsh_text), (4 bytes).
    Removing pwm_driver_func.o(.rrx_text), (6 bytes).
    Removing pwm_driver_func.o(i.configure_timer_a_pwm_driver_output_asymmetric_mode), (172 bytes).
    Removing pwm_driver_func.o(i.configure_timer_a_pwm_driver_output_phase_delay_mode), (168 bytes).
    Removing pwm_driver_func.o(i.configure_timer_a_pwm_driver_output_symmetric_mode), (128 bytes).
    Removing pwm_func.o(.rev16_text), (4 bytes).
    Removing pwm_func.o(.revsh_text), (4 bytes).
    Removing pwm_func.o(.rrx_text), (6 bytes).
    Removing pwm_func.o(i.configure_timer_c_compare_mode), (216 bytes).
    Removing pwm_func.o(i.configure_timer_c_pwm_trigger_adc), (112 bytes).
    Removing qep_func.o(.rev16_text), (4 bytes).
    Removing qep_func.o(.revsh_text), (4 bytes).
    Removing qep_func.o(.rrx_text), (6 bytes).
    Removing qep_func.o(i.configure_timer_c_qep_mode), (252 bytes).
    Removing qep_func.o(i.configure_timer_d_compare_mode), (272 bytes).
    Removing qep_isr.o(.rev16_text), (4 bytes).
    Removing qep_isr.o(.revsh_text), (4 bytes).
    Removing qep_isr.o(.rrx_text), (6 bytes).
    Removing timer_app.o(.rev16_text), (4 bytes).
    Removing timer_app.o(.revsh_text), (4 bytes).
    Removing timer_app.o(.rrx_text), (6 bytes).
    Removing timer_app.o(i.timer_app), (152 bytes).
    Removing timer_func.o(.rev16_text), (4 bytes).
    Removing timer_func.o(.revsh_text), (4 bytes).
    Removing timer_func.o(.rrx_text), (6 bytes).
    Removing timer_func.o(i.configure_timer_b), (152 bytes).
    Removing timer_func.o(i.configure_timer_synchronization), (436 bytes).
    Removing uart_isr.o(.rev16_text), (4 bytes).
    Removing uart_isr.o(.revsh_text), (4 bytes).
    Removing uart_isr.o(.rrx_text), (6 bytes).
    Removing uart_isr.o(.data), (1 bytes).
    Removing uart_isr.o(.data), (1 bytes).
    Removing uart_isr.o(.data), (4 bytes).
    Removing uart_app.o(.rev16_text), (4 bytes).
    Removing uart_app.o(.revsh_text), (4 bytes).
    Removing uart_app.o(.rrx_text), (6 bytes).
    Removing uart_app.o(i.uart_app), (216 bytes).
    Removing uart_app.o(.data), (4 bytes).
    Removing uart_func.o(.rev16_text), (4 bytes).
    Removing uart_func.o(.revsh_text), (4 bytes).
    Removing uart_func.o(.rrx_text), (6 bytes).
    Removing uart_func.o(i.UARTA_IO_Select_PA45), (72 bytes).
    Removing uart_func.o(i.UARTB_IO_Select_PA45), (72 bytes).
    Removing uart_func.o(i.UARTB_IO_Select_PC01), (72 bytes).
    Removing uart_func.o(i.UARTB_IO_Select_PC45), (72 bytes).
    Removing uart_func.o(i.UARTB_IO_Select_PE67), (72 bytes).
    Removing uart_func.o(i.UARTB_IO_Select_PF23), (72 bytes).
    Removing uart_func.o(i.UARTC_IO_Select_PC23), (72 bytes).
    Removing uart_func.o(i.UARTC_IO_Select_PC67), (72 bytes).
    Removing uart_func.o(i.UARTC_IO_Select_PD23), (72 bytes).
    Removing uart_func.o(i.UARTC_IO_Select_PE23), (72 bytes).
    Removing uart_func.o(i.UARTD_IO_Select_PD45), (72 bytes).
    Removing uart_func.o(i.UARTD_IO_Select_PD67), (72 bytes).
    Removing uart_func.o(i.UARTD_IO_Select_PE45), (72 bytes).
    Removing uart_func.o(i.UARTD_IO_Select_PF67), (72 bytes).
    Removing uart_func.o(i.UARTD_IO_Select_PG23), (72 bytes).
    Removing uart_func.o(i.UARTD_IO_Select_PG56), (72 bytes).
    Removing uart_func.o(i.uart_read_one), (96 bytes).
    Removing uart_func.o(i.uart_write_multi), (132 bytes).
    Removing uart_func.o(i.uart_write_one), (96 bytes).
    Removing user.o(.rev16_text), (4 bytes).
    Removing user.o(.revsh_text), (4 bytes).
    Removing user.o(.rrx_text), (6 bytes).
    Removing user_printf.o(.rev16_text), (4 bytes).
    Removing user_printf.o(.revsh_text), (4 bytes).
    Removing user_printf.o(.rrx_text), (6 bytes).
    Removing wwdt_isr.o(.rev16_text), (4 bytes).
    Removing wwdt_isr.o(.revsh_text), (4 bytes).
    Removing wwdt_isr.o(.rrx_text), (6 bytes).
    Removing wwdt_app.o(.rev16_text), (4 bytes).
    Removing wwdt_app.o(.revsh_text), (4 bytes).
    Removing wwdt_app.o(.rrx_text), (6 bytes).
    Removing wwdt_app.o(i.wwdt_app), (136 bytes).
    Removing wwdt_func.o(.rev16_text), (4 bytes).
    Removing wwdt_func.o(.revsh_text), (4 bytes).
    Removing wwdt_func.o(.rrx_text), (6 bytes).
    Removing wwdt_func.o(i.configure_wwdt), (96 bytes).
    Removing wwdt_func.o(i.feed_dog), (32 bytes).
    Removing main.o(.rev16_text), (4 bytes).
    Removing main.o(.revsh_text), (4 bytes).
    Removing main.o(.rrx_text), (6 bytes).
    Removing sleep_app.o(.rev16_text), (4 bytes).
    Removing sleep_app.o(.revsh_text), (4 bytes).
    Removing sleep_app.o(.rrx_text), (6 bytes).
    Removing sleep_app.o(i.configure_wwdt_interval_timer), (100 bytes).
    Removing sleep_app.o(i.deep_sleep), (496 bytes).
    Removing sleep_app.o(i.init_ram_vector_table), (36 bytes).
    Removing sleep_app.o(i.sleep), (388 bytes).
    Removing sleep_app.o(i.sleep_app), (52 bytes).
    Removing sleep_app.o(i.systick_config), (44 bytes).
    Removing sleep_ramfunc.o(.rev16_text), (4 bytes).
    Removing sleep_ramfunc.o(.revsh_text), (4 bytes).
    Removing sleep_ramfunc.o(.rrx_text), (6 bytes).
    Removing sleep_ramfunc.o(ramfunc), (104 bytes).
    Removing code_protect_app.o(.rev16_text), (4 bytes).
    Removing code_protect_app.o(.revsh_text), (4 bytes).
    Removing code_protect_app.o(.rrx_text), (6 bytes).
    Removing code_protect_app.o(i.code_protect_app), (1024 bytes).
    Removing code_protect_app.o(i.code_protect_gpio_init), (120 bytes).
    Removing code_protect_app.o(i.enable_code_protection_app), (208 bytes).
    Removing code_protect_app.o(i.security_level_1_app), (460 bytes).
    Removing code_protect_app.o(i.security_level_2_app), (1244 bytes).
    Removing code_protect_app.o(i.security_level_3_app), (928 bytes).
    Removing code_protect_app.o(i.verify_code_protection_masks), (376 bytes).
    Removing code_protect_app.o(.conststring), (1831 bytes).
    Removing code_protect_app.o(.data), (44 bytes).
    Removing code_protect_func.o(.rev16_text), (4 bytes).
    Removing code_protect_func.o(.revsh_text), (4 bytes).
    Removing code_protect_func.o(.rrx_text), (6 bytes).
    Removing code_protect_func.o(i.get_code_protect_status), (20 bytes).
    Removing code_protect_func.o(i.set_code_protection_masks), (52 bytes).
    Removing code_protect_func.o(i.set_code_protection_security_level), (112 bytes).
    Removing code_protect_func.o(ramfunc), (124 bytes).
    Removing preproc_swd_unlock.o(.data), (16 bytes).

396 unused section(s) (total 34004 bytes) removed from the image.

==============================================================================

Image Symbol Table

    Local Symbols

    Symbol Name                              Value     Ov Type        Size  Object(Section)

    RESET                                    0x00000000   Section      188  startup_pac55xx_keil.o(RESET)
    ../clib/microlib/division.c              0x00000000   Number         0  uldiv.o ABSOLUTE
    ../clib/microlib/division.c              0x00000000   Number         0  uidiv.o ABSOLUTE
    ../clib/microlib/init/entry.s            0x00000000   Number         0  entry2.o ABSOLUTE
    ../clib/microlib/init/entry.s            0x00000000   Number         0  entry9a.o ABSOLUTE
    ../clib/microlib/init/entry.s            0x00000000   Number         0  entry8b.o ABSOLUTE
    ../clib/microlib/init/entry.s            0x00000000   Number         0  entry8a.o ABSOLUTE
    ../clib/microlib/init/entry.s            0x00000000   Number         0  entry11a.o ABSOLUTE
    ../clib/microlib/init/entry.s            0x00000000   Number         0  entry7b.o ABSOLUTE
    ../clib/microlib/init/entry.s            0x00000000   Number         0  entry7a.o ABSOLUTE
    ../clib/microlib/init/entry.s            0x00000000   Number         0  entry10a.o ABSOLUTE
    ../clib/microlib/init/entry.s            0x00000000   Number         0  entry11b.o ABSOLUTE
    ../clib/microlib/init/entry.s            0x00000000   Number         0  entry5.o ABSOLUTE
    ../clib/microlib/init/entry.s            0x00000000   Number         0  entry.o ABSOLUTE
    ../clib/microlib/init/entry.s            0x00000000   Number         0  entry9b.o ABSOLUTE
    ../clib/microlib/init/entry.s            0x00000000   Number         0  entry10b.o ABSOLUTE
    ../clib/microlib/longlong.c              0x00000000   Number         0  llushr.o ABSOLUTE
    ../clib/microlib/longlong.c              0x00000000   Number         0  llsshr.o ABSOLUTE
    ../clib/microlib/longlong.c              0x00000000   Number         0  llshl.o ABSOLUTE
    ../clib/microlib/printf/printf.c         0x00000000   Number         0  printf5.o ABSOLUTE
    ../clib/microlib/printf/printf.c         0x00000000   Number         0  printf3.o ABSOLUTE
    ../clib/microlib/printf/printf.c         0x00000000   Number         0  printf2.o ABSOLUTE
    ../clib/microlib/printf/printf.c         0x00000000   Number         0  printf1.o ABSOLUTE
    ../clib/microlib/printf/printf.c         0x00000000   Number         0  printf0.o ABSOLUTE
    ../clib/microlib/printf/printf.c         0x00000000   Number         0  printfb.o ABSOLUTE
    ../clib/microlib/printf/printf.c         0x00000000   Number         0  printfa.o ABSOLUTE
    ../clib/microlib/printf/printf.c         0x00000000   Number         0  printf4.o ABSOLUTE
    ../clib/microlib/printf/printf.c         0x00000000   Number         0  printf8.o ABSOLUTE
    ../clib/microlib/printf/printf.c         0x00000000   Number         0  printf7.o ABSOLUTE
    ../clib/microlib/printf/printf.c         0x00000000   Number         0  printf6.o ABSOLUTE
    ../clib/microlib/printf/stubs.s          0x00000000   Number         0  stubs.o ABSOLUTE
    ../clib/microlib/stdio/streams.c         0x00000000   Number         0  stdout.o ABSOLUTE
    ../clib/microlib/string/memcpy.c         0x00000000   Number         0  memcpyb.o ABSOLUTE
    ../clib/microlib/string/memcpy.c         0x00000000   Number         0  memcpya.o ABSOLUTE
    ../clib/microlib/stubs.s                 0x00000000   Number         0  iusefp.o ABSOLUTE
    ../fplib/microlib/d2f.c                  0x00000000   Number         0  d2f.o ABSOLUTE
    ../fplib/microlib/f2d.c                  0x00000000   Number         0  f2d.o ABSOLUTE
    ../fplib/microlib/fpadd.c                0x00000000   Number         0  dadd.o ABSOLUTE
    ../fplib/microlib/fpdiv.c                0x00000000   Number         0  ddiv.o ABSOLUTE
    ../fplib/microlib/fpepilogue.c           0x00000000   Number         0  fepilogue.o ABSOLUTE
    ../fplib/microlib/fpepilogue.c           0x00000000   Number         0  depilogue.o ABSOLUTE
    ../fplib/microlib/fpfix.c                0x00000000   Number         0  dfixul.o ABSOLUTE
    ../fplib/microlib/fpflt.c                0x00000000   Number         0  dflti.o ABSOLUTE
    ../fplib/microlib/fpmul.c                0x00000000   Number         0  dmul.o ABSOLUTE
    ..\\pac55xx_sdk\\boot_keil\\system_pac5xxx.c 0x00000000   Number         0  system_pac5xxx.o ABSOLUTE
    ..\\pac55xx_sdk\\driver\\pac5xxx_driver_adc.c 0x00000000   Number         0  pac5xxx_driver_adc.o ABSOLUTE
    ..\\pac55xx_sdk\\driver\\pac5xxx_driver_can.c 0x00000000   Number         0  pac5xxx_driver_can.o ABSOLUTE
    ..\\pac55xx_sdk\\driver\\pac5xxx_driver_gpio.c 0x00000000   Number         0  pac5xxx_driver_gpio.o ABSOLUTE
    ..\\pac55xx_sdk\\driver\\pac5xxx_driver_socbridge.c 0x00000000   Number         0  pac5xxx_driver_socbridge.o ABSOLUTE
    ..\\pac55xx_sdk\\driver\\pac5xxx_driver_system.c 0x00000000   Number         0  pac5xxx_driver_system.o ABSOLUTE
    ..\\pac55xx_sdk\\driver\\pac5xxx_driver_tile_socbridge.c 0x00000000   Number         0  pac5xxx_driver_tile_socbridge.o ABSOLUTE
    ..\\pac55xx_sdk\\driver\\pac5xxx_driver_timer.c 0x00000000   Number         0  pac5xxx_driver_timer.o ABSOLUTE
    ..\\pac55xx_sdk\\driver\\pac5xxx_driver_uart.c 0x00000000   Number         0  pac5xxx_driver_uart.o ABSOLUTE
    ..\\src\\adc_aio\\adc_app.c              0x00000000   Number         0  adc_app.o ABSOLUTE
    ..\\src\\adc_aio\\adc_func.c             0x00000000   Number         0  adc_func.o ABSOLUTE
    ..\\src\\adc_aio\\adc_isr.c              0x00000000   Number         0  adc_isr.o ABSOLUTE
    ..\\src\\adc_aio\\aio_app.c              0x00000000   Number         0  aio_app.o ABSOLUTE
    ..\\src\\adc_aio\\aio_func.c             0x00000000   Number         0  aio_func.o ABSOLUTE
    ..\\src\\can\\can_app.c                  0x00000000   Number         0  can_app.o ABSOLUTE
    ..\\src\\can\\can_func.c                 0x00000000   Number         0  can_func.o ABSOLUTE
    ..\\src\\can\\can_isr.c                  0x00000000   Number         0  can_isr.o ABSOLUTE
    ..\\src\\code_protect\\code_protect_app.c 0x00000000   Number         0  code_protect_app.o ABSOLUTE
    ..\\src\\code_protect\\code_protect_func.c 0x00000000   Number         0  code_protect_func.o ABSOLUTE
    ..\\src\\crc\\crc_app.c                  0x00000000   Number         0  crc_app.o ABSOLUTE
    ..\\src\\crc\\crc_func.c                 0x00000000   Number         0  crc_func.o ABSOLUTE
    ..\\src\\flash\\flash_app.c              0x00000000   Number         0  flash_app.o ABSOLUTE
    ..\\src\\flash\\flash_func.c             0x00000000   Number         0  flash_func.o ABSOLUTE
    ..\\src\\gpio\\gpio_app.c                0x00000000   Number         0  gpio_app.o ABSOLUTE
    ..\\src\\gpio\\gpio_func.c               0x00000000   Number         0  gpio_func.o ABSOLUTE
    ..\\src\\gpio\\gpio_isr.c                0x00000000   Number         0  gpio_isr.o ABSOLUTE
    ..\\src\\gptimera\\gptimera_app.c        0x00000000   Number         0  gptimera_app.o ABSOLUTE
    ..\\src\\gptimera\\gptimera_func.c       0x00000000   Number         0  gptimera_func.o ABSOLUTE
    ..\\src\\gptimera\\gptimera_isr.c        0x00000000   Number         0  gptimera_isr.o ABSOLUTE
    ..\\src\\gptimerb\\gptimerb_app.c        0x00000000   Number         0  gptimerb_app.o ABSOLUTE
    ..\\src\\gptimerb\\gptimerb_func.c       0x00000000   Number         0  gptimerb_func.o ABSOLUTE
    ..\\src\\gptimerb\\gptimerb_isr.c        0x00000000   Number         0  gptimerb_isr.o ABSOLUTE
    ..\\src\\hibernate\\hib_app.c            0x00000000   Number         0  hib_app.o ABSOLUTE
    ..\\src\\hibernate\\hib_func.c           0x00000000   Number         0  hib_func.o ABSOLUTE
    ..\\src\\i2c\\i2c_app.c                  0x00000000   Number         0  i2c_app.o ABSOLUTE
    ..\\src\\i2c\\i2c_func.c                 0x00000000   Number         0  i2c_func.o ABSOLUTE
    ..\\src\\i2c\\i2c_isr.c                  0x00000000   Number         0  i2c_isr.o ABSOLUTE
    ..\\src\\main.c                          0x00000000   Number         0  main.o ABSOLUTE
    ..\\src\\power\\power_app.c              0x00000000   Number         0  power_app.o ABSOLUTE
    ..\\src\\power\\power_func.c             0x00000000   Number         0  power_func.o ABSOLUTE
    ..\\src\\rtc\\rtc_app.c                  0x00000000   Number         0  rtc_app.o ABSOLUTE
    ..\\src\\rtc\\rtc_func.c                 0x00000000   Number         0  rtc_func.o ABSOLUTE
    ..\\src\\rtc\\rtc_isr.c                  0x00000000   Number         0  rtc_isr.o ABSOLUTE
    ..\\src\\sleep\\sleep_app.c              0x00000000   Number         0  sleep_app.o ABSOLUTE
    ..\\src\\sleep\\sleep_ramfunc.c          0x00000000   Number         0  sleep_ramfunc.o ABSOLUTE
    ..\\src\\ssp\\ssp_app.c                  0x00000000   Number         0  ssp_app.o ABSOLUTE
    ..\\src\\ssp\\ssp_func.c                 0x00000000   Number         0  ssp_func.o ABSOLUTE
    ..\\src\\ssp\\ssp_isr.c                  0x00000000   Number         0  ssp_isr.o ABSOLUTE
    ..\\src\\sysclk\\sysclk_app.c            0x00000000   Number         0  sysclk_app.o ABSOLUTE
    ..\\src\\sysclk\\sysclk_func.c           0x00000000   Number         0  sysclk_func.o ABSOLUTE
    ..\\src\\timer\\capture_func.c           0x00000000   Number         0  capture_func.o ABSOLUTE
    ..\\src\\timer\\pwm_driver_func.c        0x00000000   Number         0  pwm_driver_func.o ABSOLUTE
    ..\\src\\timer\\pwm_func.c               0x00000000   Number         0  pwm_func.o ABSOLUTE
    ..\\src\\timer\\qep_func.c               0x00000000   Number         0  qep_func.o ABSOLUTE
    ..\\src\\timer\\qep_isr.c                0x00000000   Number         0  qep_isr.o ABSOLUTE
    ..\\src\\timer\\timer_app.c              0x00000000   Number         0  timer_app.o ABSOLUTE
    ..\\src\\timer\\timer_func.c             0x00000000   Number         0  timer_func.o ABSOLUTE
    ..\\src\\timer\\timer_isr.c              0x00000000   Number         0  timer_isr.o ABSOLUTE
    ..\\src\\uart\\uart_app.c                0x00000000   Number         0  uart_app.o ABSOLUTE
    ..\\src\\uart\\uart_func.c               0x00000000   Number         0  uart_func.o ABSOLUTE
    ..\\src\\uart\\uart_isr.c                0x00000000   Number         0  uart_isr.o ABSOLUTE
    ..\\src\\user\\user.c                    0x00000000   Number         0  user.o ABSOLUTE
    ..\\src\\user\\user_printf.c             0x00000000   Number         0  user_printf.o ABSOLUTE
    ..\\src\\wwdt\\wwdt_app.c                0x00000000   Number         0  wwdt_app.o ABSOLUTE
    ..\\src\\wwdt\\wwdt_func.c               0x00000000   Number         0  wwdt_func.o ABSOLUTE
    ..\\src\\wwdt\\wwdt_isr.c                0x00000000   Number         0  wwdt_isr.o ABSOLUTE
    ..\pac55xx_sdk\boot_keil\startup_pac55xx_keil.s 0x00000000   Number         0  startup_pac55xx_keil.o ABSOLUTE
    ..\pac55xx_sdk\boot_keil\system_pac5xxx.c 0x00000000   Number         0  system_pac5xxx.o ABSOLUTE
    ..\pac55xx_sdk\driver\pac5xxx_driver_adc.c 0x00000000   Number         0  pac5xxx_driver_adc.o ABSOLUTE
    ..\pac55xx_sdk\driver\pac5xxx_driver_can.c 0x00000000   Number         0  pac5xxx_driver_can.o ABSOLUTE
    ..\pac55xx_sdk\driver\pac5xxx_driver_gpio.c 0x00000000   Number         0  pac5xxx_driver_gpio.o ABSOLUTE
    ..\pac55xx_sdk\driver\pac5xxx_driver_socbridge.c 0x00000000   Number         0  pac5xxx_driver_socbridge.o ABSOLUTE
    ..\pac55xx_sdk\driver\pac5xxx_driver_system.c 0x00000000   Number         0  pac5xxx_driver_system.o ABSOLUTE
    ..\pac55xx_sdk\driver\pac5xxx_driver_tile_socbridge.c 0x00000000   Number         0  pac5xxx_driver_tile_socbridge.o ABSOLUTE
    ..\pac55xx_sdk\driver\pac5xxx_driver_timer.c 0x00000000   Number         0  pac5xxx_driver_timer.o ABSOLUTE
    ..\pac55xx_sdk\driver\pac5xxx_driver_uart.c 0x00000000   Number         0  pac5xxx_driver_uart.o ABSOLUTE
    ..\src\adc_aio\adc_app.c                 0x00000000   Number         0  adc_app.o ABSOLUTE
    ..\src\adc_aio\adc_func.c                0x00000000   Number         0  adc_func.o ABSOLUTE
    ..\src\adc_aio\adc_isr.c                 0x00000000   Number         0  adc_isr.o ABSOLUTE
    ..\src\adc_aio\aio_app.c                 0x00000000   Number         0  aio_app.o ABSOLUTE
    ..\src\adc_aio\aio_func.c                0x00000000   Number         0  aio_func.o ABSOLUTE
    ..\src\can\can_app.c                     0x00000000   Number         0  can_app.o ABSOLUTE
    ..\src\can\can_func.c                    0x00000000   Number         0  can_func.o ABSOLUTE
    ..\src\can\can_isr.c                     0x00000000   Number         0  can_isr.o ABSOLUTE
    ..\src\code_protect\code_protect_app.c   0x00000000   Number         0  code_protect_app.o ABSOLUTE
    ..\src\code_protect\code_protect_func.c  0x00000000   Number         0  code_protect_func.o ABSOLUTE
    ..\src\crc\crc_app.c                     0x00000000   Number         0  crc_app.o ABSOLUTE
    ..\src\crc\crc_func.c                    0x00000000   Number         0  crc_func.o ABSOLUTE
    ..\src\flash\flash_app.c                 0x00000000   Number         0  flash_app.o ABSOLUTE
    ..\src\flash\flash_func.c                0x00000000   Number         0  flash_func.o ABSOLUTE
    ..\src\gpio\gpio_app.c                   0x00000000   Number         0  gpio_app.o ABSOLUTE
    ..\src\gpio\gpio_func.c                  0x00000000   Number         0  gpio_func.o ABSOLUTE
    ..\src\gpio\gpio_isr.c                   0x00000000   Number         0  gpio_isr.o ABSOLUTE
    ..\src\gptimera\gptimera_app.c           0x00000000   Number         0  gptimera_app.o ABSOLUTE
    ..\src\gptimera\gptimera_func.c          0x00000000   Number         0  gptimera_func.o ABSOLUTE
    ..\src\gptimera\gptimera_isr.c           0x00000000   Number         0  gptimera_isr.o ABSOLUTE
    ..\src\gptimerb\gptimerb_app.c           0x00000000   Number         0  gptimerb_app.o ABSOLUTE
    ..\src\gptimerb\gptimerb_func.c          0x00000000   Number         0  gptimerb_func.o ABSOLUTE
    ..\src\gptimerb\gptimerb_isr.c           0x00000000   Number         0  gptimerb_isr.o ABSOLUTE
    ..\src\hibernate\hib_app.c               0x00000000   Number         0  hib_app.o ABSOLUTE
    ..\src\hibernate\hib_func.c              0x00000000   Number         0  hib_func.o ABSOLUTE
    ..\src\i2c\i2c_app.c                     0x00000000   Number         0  i2c_app.o ABSOLUTE
    ..\src\i2c\i2c_func.c                    0x00000000   Number         0  i2c_func.o ABSOLUTE
    ..\src\i2c\i2c_isr.c                     0x00000000   Number         0  i2c_isr.o ABSOLUTE
    ..\src\main.c                            0x00000000   Number         0  main.o ABSOLUTE
    ..\src\power\power_app.c                 0x00000000   Number         0  power_app.o ABSOLUTE
    ..\src\power\power_func.c                0x00000000   Number         0  power_func.o ABSOLUTE
    ..\src\rtc\rtc_app.c                     0x00000000   Number         0  rtc_app.o ABSOLUTE
    ..\src\rtc\rtc_func.c                    0x00000000   Number         0  rtc_func.o ABSOLUTE
    ..\src\rtc\rtc_isr.c                     0x00000000   Number         0  rtc_isr.o ABSOLUTE
    ..\src\sleep\sleep_app.c                 0x00000000   Number         0  sleep_app.o ABSOLUTE
    ..\src\sleep\sleep_ramfunc.c             0x00000000   Number         0  sleep_ramfunc.o ABSOLUTE
    ..\src\ssp\ssp_app.c                     0x00000000   Number         0  ssp_app.o ABSOLUTE
    ..\src\ssp\ssp_func.c                    0x00000000   Number         0  ssp_func.o ABSOLUTE
    ..\src\ssp\ssp_isr.c                     0x00000000   Number         0  ssp_isr.o ABSOLUTE
    ..\src\sysclk\sysclk_app.c               0x00000000   Number         0  sysclk_app.o ABSOLUTE
    ..\src\sysclk\sysclk_func.c              0x00000000   Number         0  sysclk_func.o ABSOLUTE
    ..\src\timer\capture_func.c              0x00000000   Number         0  capture_func.o ABSOLUTE
    ..\src\timer\pwm_driver_func.c           0x00000000   Number         0  pwm_driver_func.o ABSOLUTE
    ..\src\timer\pwm_func.c                  0x00000000   Number         0  pwm_func.o ABSOLUTE
    ..\src\timer\qep_func.c                  0x00000000   Number         0  qep_func.o ABSOLUTE
    ..\src\timer\qep_isr.c                   0x00000000   Number         0  qep_isr.o ABSOLUTE
    ..\src\timer\timer_app.c                 0x00000000   Number         0  timer_app.o ABSOLUTE
    ..\src\timer\timer_func.c                0x00000000   Number         0  timer_func.o ABSOLUTE
    ..\src\timer\timer_isr.c                 0x00000000   Number         0  timer_isr.o ABSOLUTE
    ..\src\uart\uart_app.c                   0x00000000   Number         0  uart_app.o ABSOLUTE
    ..\src\uart\uart_func.c                  0x00000000   Number         0  uart_func.o ABSOLUTE
    ..\src\uart\uart_isr.c                   0x00000000   Number         0  uart_isr.o ABSOLUTE
    ..\src\user\user.c                       0x00000000   Number         0  user.o ABSOLUTE
    ..\src\user\user_printf.c                0x00000000   Number         0  user_printf.o ABSOLUTE
    ..\src\wwdt\wwdt_app.c                   0x00000000   Number         0  wwdt_app.o ABSOLUTE
    ..\src\wwdt\wwdt_func.c                  0x00000000   Number         0  wwdt_func.o ABSOLUTE
    ..\src\wwdt\wwdt_isr.c                   0x00000000   Number         0  wwdt_isr.o ABSOLUTE
    C:\\Users\\smagee\\source\\git\\pac55xx\\pac55xx_example_code.top\\pac55xx_example_code.git\\pac55xx_example_code\\pac55xx_peripheral_examples\\src\\code_protect\\swd_unlock.S 0x00000000   Number         0  preproc_swd_unlock.o ABSOLUTE
    cdrcmple.s                               0x00000000   Number         0  cdrcmple.o ABSOLUTE
    dc.s                                     0x00000000   Number         0  dc.o ABSOLUTE
    handlers.s                               0x00000000   Number         0  handlers.o ABSOLUTE
    init.s                                   0x00000000   Number         0  init.o ABSOLUTE
    .ARM.Collect$$$$00000000                 0x000000bc   Section        0  entry.o(.ARM.Collect$$$$00000000)
    .ARM.Collect$$$$00000001                 0x000000bc   Section        4  entry2.o(.ARM.Collect$$$$00000001)
    .ARM.Collect$$$$00000004                 0x000000c0   Section        4  entry5.o(.ARM.Collect$$$$00000004)
    .ARM.Collect$$$$00000008                 0x000000c4   Section        0  entry7b.o(.ARM.Collect$$$$00000008)
    .ARM.Collect$$$$0000000A                 0x000000c4   Section        0  entry8b.o(.ARM.Collect$$$$0000000A)
    .ARM.Collect$$$$0000000B                 0x000000c4   Section        8  entry9a.o(.ARM.Collect$$$$0000000B)
    .ARM.Collect$$$$0000000D                 0x000000cc   Section        0  entry10a.o(.ARM.Collect$$$$0000000D)
    .ARM.Collect$$$$0000000F                 0x000000cc   Section        0  entry11a.o(.ARM.Collect$$$$0000000F)
    .ARM.Collect$$$$00002712                 0x000000cc   Section        4  entry2.o(.ARM.Collect$$$$00002712)
    __lit__00000000                          0x000000cc   Data           4  entry2.o(.ARM.Collect$$$$00002712)
    .text                                    0x000000d0   Section       60  startup_pac55xx_keil.o(.text)
    $v0                                      0x000000d0   Number         0  startup_pac55xx_keil.o(.text)
    .text                                    0x0000010c   Section        0  dmul.o(.text)
    .text                                    0x000001f0   Section        0  dflti.o(.text)
    .text                                    0x00000212   Section        0  f2d.o(.text)
    .text                                    0x00000238   Section        0  d2f.o(.text)
    .text                                    0x00000270   Section        0  uidiv.o(.text)
    .text                                    0x0000029c   Section        0  uldiv.o(.text)
    .text                                    0x000002fe   Section        0  fepilogue.o(.text)
    .text                                    0x000002fe   Section        0  iusefp.o(.text)
    .text                                    0x0000036c   Section        0  depilogue.o(.text)
    .text                                    0x00000426   Section        0  dadd.o(.text)
    .text                                    0x00000574   Section        0  ddiv.o(.text)
    .text                                    0x00000652   Section        0  dfixul.o(.text)
    .text                                    0x00000684   Section       48  cdrcmple.o(.text)
    .text                                    0x000006b4   Section       36  init.o(.text)
    .text                                    0x000006d8   Section        0  llshl.o(.text)
    .text                                    0x000006f6   Section        0  llushr.o(.text)
    .text                                    0x00000716   Section        0  llsshr.o(.text)
    i.I2C_IRQHandler                         0x0000073c   Section        0  i2c_isr.o(i.I2C_IRQHandler)
    i.SysTick_Handler                        0x00000804   Section        0  sleep_app.o(i.SysTick_Handler)
    i.SystemInit                             0x00000810   Section        0  system_pac5xxx.o(i.SystemInit)
    i.USARTA_IRQHandler                      0x00000830   Section        0  uart_isr.o(i.USARTA_IRQHandler)
    i.USARTB_IRQHandler                      0x0000085c   Section        0  uart_isr.o(i.USARTB_IRQHandler)
    i.USARTC_IRQHandler                      0x000008a0   Section        0  uart_isr.o(i.USARTC_IRQHandler)
    i.USARTD_IRQHandler                      0x0000090c   Section        0  uart_isr.o(i.USARTD_IRQHandler)
    i.__0printf                              0x00000938   Section        0  printfa.o(i.__0printf)
    i.__scatterload_copy                     0x00000958   Section       14  handlers.o(i.__scatterload_copy)
    i.__scatterload_null                     0x00000966   Section        2  handlers.o(i.__scatterload_null)
    i.__scatterload_zeroinit                 0x00000968   Section       14  handlers.o(i.__scatterload_zeroinit)
    i._fp_digits                             0x00000978   Section        0  printfa.o(i._fp_digits)
    _fp_digits                               0x00000979   Thumb Code   366  printfa.o(i._fp_digits)
    i._printf_core                           0x00000afc   Section        0  printfa.o(i._printf_core)
    _printf_core                             0x00000afd   Thumb Code  1744  printfa.o(i._printf_core)
    i._printf_post_padding                   0x000011d8   Section        0  printfa.o(i._printf_post_padding)
    _printf_post_padding                     0x000011d9   Thumb Code    36  printfa.o(i._printf_post_padding)
    i._printf_pre_padding                    0x000011fc   Section        0  printfa.o(i._printf_pre_padding)
    _printf_pre_padding                      0x000011fd   Thumb Code    46  printfa.o(i._printf_pre_padding)
    i.adc_app                                0x0000122c   Section        0  adc_app.o(i.adc_app)
    i.adc_manual_convert_amplifier           0x00001280   Section        0  adc_func.o(i.adc_manual_convert_amplifier)
    i.adc_manual_convert_temperature         0x000012b0   Section        0  adc_func.o(i.adc_manual_convert_temperature)
    i.adc_manual_convert_vcc33               0x00001350   Section        0  adc_func.o(i.adc_manual_convert_vcc33)
    i.adc_manual_convert_vccio               0x000013f0   Section        0  adc_func.o(i.adc_manual_convert_vccio)
    i.adc_manual_convert_vcore               0x00001490   Section        0  adc_func.o(i.adc_manual_convert_vcore)
    i.adc_manual_convert_vp                  0x00001530   Section        0  adc_func.o(i.adc_manual_convert_vp)
    i.adc_manual_convert_vsys                0x000015c8   Section        0  adc_func.o(i.adc_manual_convert_vsys)
    i.adc_manual_init                        0x00001660   Section        0  adc_func.o(i.adc_manual_init)
    i.adc_manual_sample                      0x000016e8   Section        0  adc_func.o(i.adc_manual_sample)
    i.analog_signal_aio_adc_config           0x00001860   Section        0  adc_func.o(i.analog_signal_aio_adc_config)
    i.configurable_analog_front_end_init     0x000018c8   Section        0  adc_func.o(i.configurable_analog_front_end_init)
    i.delay_times                            0x00001964   Section        0  user.o(i.delay_times)
    i.fputc                                  0x00001984   Section        0  user_printf.o(i.fputc)
    i.gpio_output_init                       0x0000199c   Section        0  gpio_func.o(i.gpio_output_init)
    i.main                                   0x000019fc   Section        0  main.o(i.main)
    i.pac5xxx_adc_config                     0x00001a02   Section        0  pac5xxx_driver_adc.o(i.pac5xxx_adc_config)
    i.pac5xxx_adc_config_emux_io             0x00001a24   Section        0  pac5xxx_driver_adc.o(i.pac5xxx_adc_config_emux_io)
    i.pac5xxx_adc_config_io                  0x00001a5c   Section        0  pac5xxx_driver_adc.o(i.pac5xxx_adc_config_io)
    i.pac5xxx_socbridge_config               0x00001b34   Section        0  pac5xxx_driver_socbridge.o(i.pac5xxx_socbridge_config)
    i.pac5xxx_socbridge_config_io            0x00001bdc   Section        0  pac5xxx_driver_socbridge.o(i.pac5xxx_socbridge_config_io)
    i.pac5xxx_sys_pll_config_enable          0x00001c28   Section        0  pac5xxx_driver_system.o(i.pac5xxx_sys_pll_config_enable)
    i.pac5xxx_tile_register_read             0x00001c68   Section        0  pac5xxx_driver_tile_socbridge.o(i.pac5xxx_tile_register_read)
    i.pac5xxx_tile_register_write            0x00001c8c   Section        0  pac5xxx_driver_tile_socbridge.o(i.pac5xxx_tile_register_write)
    i.pac5xxx_tile_socbridge_config          0x00001cc0   Section        0  pac5xxx_driver_tile_socbridge.o(i.pac5xxx_tile_socbridge_config)
    i.pac5xxx_uart_config_LCR2               0x00001cce   Section        0  pac5xxx_driver_uart.o(i.pac5xxx_uart_config_LCR2)
    i.pac5xxx_uart_config_divisor_latch2     0x00001d00   Section        0  pac5xxx_driver_uart.o(i.pac5xxx_uart_config_divisor_latch2)
    i.pac_recovery                           0x00001d04   Section        0  pac5xxx_driver_system.o(i.pac_recovery)
    i.system_init                            0x00001d4c   Section        0  sysclk_func.o(i.system_init)
    i.uart_init                              0x00001e08   Section        0  uart_func.o(i.uart_init)
    i.uart_interrupt_enable                  0x00001eb4   Section        0  uart_func.o(i.uart_interrupt_enable)
    i.uart_io_config                         0x00001f2c   Section        0  uart_func.o(i.uart_io_config)
    .ARM.__AT_0x20000000                     0x20000000   Section      188  sleep_app.o(.ARM.__AT_0x20000000)
    ramfunc                                  0x200000bc   Section        0  adc_isr.o(ramfunc)
    ramfunc                                  0x20000270   Section        0  can_isr.o(ramfunc)
    ramfunc                                  0x200002f8   Section        0  gpio_isr.o(ramfunc)
    ramfunc                                  0x2000031c   Section        0  gptimera_isr.o(ramfunc)
    ramfunc                                  0x2000034c   Section        0  gptimerb_isr.o(ramfunc)
    ramfunc                                  0x2000037c   Section        0  rtc_isr.o(ramfunc)
    ramfunc                                  0x20000398   Section        0  timer_isr.o(ramfunc)
    ramfunc                                  0x200004a0   Section        0  qep_isr.o(ramfunc)
    .data                                    0x20000524   Section        8  system_pac5xxx.o(.data)
    .data                                    0x2000052c   Section        1  adc_func.o(.data)
    reg_value                                0x2000052c   Data           1  adc_func.o(.data)
    .data                                    0x2000052d   Section        8  can_func.o(.data)
    .data                                    0x20000535   Section        1  can_func.o(.data)
    .data                                    0x20000536   Section        2  can_func.o(.data)
    .data                                    0x20000538   Section        4  can_func.o(.data)
    .data                                    0x2000053c   Section        1  can_func.o(.data)
    .data                                    0x2000053d   Section        4  i2c_isr.o(.data)
    .data                                    0x20000544   Section        4  uart_isr.o(.data)
    .data                                    0x20000548   Section        8  sleep_app.o(.data)
    .data                                    0x20000550   Section        4  stdout.o(.data)
    .bss                                     0x20000554   Section       48  adc_isr.o(.bss)
    .bss                                     0x20000584   Section      256  i2c_isr.o(.bss)
    .bss                                     0x20000684   Section       50  uart_isr.o(.bss)
    .bss                                     0x200006b8   Section       48  main.o(.bss)
    STACK                                    0x200006e8   Section      768  startup_pac55xx_keil.o(STACK)

    Global Symbols

    Symbol Name                              Value     Ov Type        Size  Object(Section)

    BuildAttributes$$THM_ISAv4$E$P$D$K$B$S$7EM$VFPi3$EXTD16$VFPS$VFMA$PE$A:L22UL41UL21$X:L11$S22US41US21$IEEE1$IW$USESV6$~STKCKD$USESV7$~SHL$OTIME$ROPI$EBA8$MICROLIB$REQ8$PRES8$EABIv2 0x00000000   Number         0  anon$$obj.o ABSOLUTE
    __ARM_use_no_argv                        0x00000000   Number         0  main.o ABSOLUTE
    __Vectors                                0x00000000   Data           4  startup_pac55xx_keil.o(RESET)
    _printf_a                                0x00000000   Number         0  stubs.o ABSOLUTE
    _printf_c                                0x00000000   Number         0  stubs.o ABSOLUTE
    _printf_charcount                        0x00000000   Number         0  stubs.o ABSOLUTE
    _printf_d                                0x00000000   Number         0  stubs.o ABSOLUTE
    _printf_e                                0x00000000   Number         0  stubs.o ABSOLUTE
    _printf_f                                0x00000000   Number         0  stubs.o ABSOLUTE
    _printf_flags                            0x00000000   Number         0  stubs.o ABSOLUTE
    _printf_fp_dec                           0x00000000   Number         0  stubs.o ABSOLUTE
    _printf_fp_hex                           0x00000000   Number         0  stubs.o ABSOLUTE
    _printf_g                                0x00000000   Number         0  stubs.o ABSOLUTE
    _printf_i                                0x00000000   Number         0  stubs.o ABSOLUTE
    _printf_int_dec                          0x00000000   Number         0  stubs.o ABSOLUTE
    _printf_l                                0x00000000   Number         0  stubs.o ABSOLUTE
    _printf_lc                               0x00000000   Number         0  stubs.o ABSOLUTE
    _printf_ll                               0x00000000   Number         0  stubs.o ABSOLUTE
    _printf_lld                              0x00000000   Number         0  stubs.o ABSOLUTE
    _printf_lli                              0x00000000   Number         0  stubs.o ABSOLUTE
    _printf_llo                              0x00000000   Number         0  stubs.o ABSOLUTE
    _printf_llu                              0x00000000   Number         0  stubs.o ABSOLUTE
    _printf_llx                              0x00000000   Number         0  stubs.o ABSOLUTE
    _printf_longlong_dec                     0x00000000   Number         0  stubs.o ABSOLUTE
    _printf_longlong_hex                     0x00000000   Number         0  stubs.o ABSOLUTE
    _printf_longlong_oct                     0x00000000   Number         0  stubs.o ABSOLUTE
    _printf_ls                               0x00000000   Number         0  stubs.o ABSOLUTE
    _printf_mbtowc                           0x00000000   Number         0  stubs.o ABSOLUTE
    _printf_n                                0x00000000   Number         0  stubs.o ABSOLUTE
    _printf_o                                0x00000000   Number         0  stubs.o ABSOLUTE
    _printf_p                                0x00000000   Number         0  stubs.o ABSOLUTE
    _printf_percent                          0x00000000   Number         0  stubs.o ABSOLUTE
    _printf_pre_padding                      0x00000000   Number         0  stubs.o ABSOLUTE
    _printf_return_value                     0x00000000   Number         0  stubs.o ABSOLUTE
    _printf_s                                0x00000000   Number         0  stubs.o ABSOLUTE
    _printf_sizespec                         0x00000000   Number         0  stubs.o ABSOLUTE
    _printf_str                              0x00000000   Number         0  stubs.o ABSOLUTE
    _printf_truncate_signed                  0x00000000   Number         0  stubs.o ABSOLUTE
    _printf_truncate_unsigned                0x00000000   Number         0  stubs.o ABSOLUTE
    _printf_u                                0x00000000   Number         0  stubs.o ABSOLUTE
    _printf_wc                               0x00000000   Number         0  stubs.o ABSOLUTE
    _printf_wctomb                           0x00000000   Number         0  stubs.o ABSOLUTE
    _printf_widthprec                        0x00000000   Number         0  stubs.o ABSOLUTE
    _printf_x                                0x00000000   Number         0  stubs.o ABSOLUTE
    __cpp_initialize__aeabi_                  - Undefined Weak Reference
    __cxa_finalize                            - Undefined Weak Reference
    __decompress                              - Undefined Weak Reference
    _clock_init                               - Undefined Weak Reference
    _microlib_exit                            - Undefined Weak Reference
    __main                                   0x000000bd   Thumb Code     0  entry.o(.ARM.Collect$$$$00000000)
    _main_stk                                0x000000bd   Thumb Code     0  entry2.o(.ARM.Collect$$$$00000001)
    _main_scatterload                        0x000000c1   Thumb Code     0  entry5.o(.ARM.Collect$$$$00000004)
    __main_after_scatterload                 0x000000c5   Thumb Code     0  entry5.o(.ARM.Collect$$$$00000004)
    _main_clock                              0x000000c5   Thumb Code     0  entry7b.o(.ARM.Collect$$$$00000008)
    _main_cpp_init                           0x000000c5   Thumb Code     0  entry8b.o(.ARM.Collect$$$$0000000A)
    _main_init                               0x000000c5   Thumb Code     0  entry9a.o(.ARM.Collect$$$$0000000B)
    __rt_final_cpp                           0x000000cd   Thumb Code     0  entry10a.o(.ARM.Collect$$$$0000000D)
    __rt_final_exit                          0x000000cd   Thumb Code     0  entry11a.o(.ARM.Collect$$$$0000000F)
    Reset_Handler                            0x000000d1   Thumb Code    12  startup_pac55xx_keil.o(.text)
    NMI_Handler                              0x000000dd   Thumb Code     2  startup_pac55xx_keil.o(.text)
    HardFault_Handler                        0x000000df   Thumb Code     2  startup_pac55xx_keil.o(.text)
    MemManageFault_Handler                   0x000000e1   Thumb Code     2  startup_pac55xx_keil.o(.text)
    BusFault_Handler                         0x000000e3   Thumb Code     2  startup_pac55xx_keil.o(.text)
    UsageFault_Handler                       0x000000e5   Thumb Code     2  startup_pac55xx_keil.o(.text)
    SVC_Handler                              0x000000e7   Thumb Code     2  startup_pac55xx_keil.o(.text)
    DebugMon_Handler                         0x000000e9   Thumb Code     2  startup_pac55xx_keil.o(.text)
    PendSV_Handler                           0x000000eb   Thumb Code     2  startup_pac55xx_keil.o(.text)
    CCS_IRQHandler                           0x000000ef   Thumb Code     0  startup_pac55xx_keil.o(.text)
    Default_Handler                          0x000000ef   Thumb Code     2  startup_pac55xx_keil.o(.text)
    GpioA_IRQHandler                         0x000000ef   Thumb Code     0  startup_pac55xx_keil.o(.text)
    GpioB_IRQHandler                         0x000000ef   Thumb Code     0  startup_pac55xx_keil.o(.text)
    GpioD_IRQHandler                         0x000000ef   Thumb Code     0  startup_pac55xx_keil.o(.text)
    GpioE_IRQHandler                         0x000000ef   Thumb Code     0  startup_pac55xx_keil.o(.text)
    GpioF_IRQHandler                         0x000000ef   Thumb Code     0  startup_pac55xx_keil.o(.text)
    GpioG_IRQHandler                         0x000000ef   Thumb Code     0  startup_pac55xx_keil.o(.text)
    MemCtl_IRQHandler                        0x000000ef   Thumb Code     0  startup_pac55xx_keil.o(.text)
    QEPA_IRQHandler                          0x000000ef   Thumb Code     0  startup_pac55xx_keil.o(.text)
    QEPB_IRQHandler                          0x000000ef   Thumb Code     0  startup_pac55xx_keil.o(.text)
    QEPD_IRQHandler                          0x000000ef   Thumb Code     0  startup_pac55xx_keil.o(.text)
    Wdt_IRQHandler                           0x000000ef   Thumb Code     0  startup_pac55xx_keil.o(.text)
    pac_delay_asm                            0x000000f1   Thumb Code     0  startup_pac55xx_keil.o(.text)
    __aeabi_dmul                             0x0000010d   Thumb Code   228  dmul.o(.text)
    __aeabi_i2d                              0x000001f1   Thumb Code    34  dflti.o(.text)
    __aeabi_f2d                              0x00000213   Thumb Code    38  f2d.o(.text)
    __aeabi_d2f                              0x00000239   Thumb Code    56  d2f.o(.text)
    __aeabi_uidiv                            0x00000271   Thumb Code     0  uidiv.o(.text)
    __aeabi_uidivmod                         0x00000271   Thumb Code    44  uidiv.o(.text)
    __aeabi_uldivmod                         0x0000029d   Thumb Code    98  uldiv.o(.text)
    __I$use$fp                               0x000002ff   Thumb Code     0  iusefp.o(.text)
    _float_round                             0x000002ff   Thumb Code    18  fepilogue.o(.text)
    _float_epilogue                          0x00000311   Thumb Code    92  fepilogue.o(.text)
    _double_round                            0x0000036d   Thumb Code    30  depilogue.o(.text)
    _double_epilogue                         0x0000038b   Thumb Code   156  depilogue.o(.text)
    __aeabi_dadd                             0x00000427   Thumb Code   322  dadd.o(.text)
    __aeabi_dsub                             0x00000569   Thumb Code     6  dadd.o(.text)
    __aeabi_drsub                            0x0000056f   Thumb Code     6  dadd.o(.text)
    __aeabi_ddiv                             0x00000575   Thumb Code   222  ddiv.o(.text)
    __aeabi_d2ulz                            0x00000653   Thumb Code    48  dfixul.o(.text)
    __aeabi_cdrcmple                         0x00000685   Thumb Code    48  cdrcmple.o(.text)
    __scatterload                            0x000006b5   Thumb Code    28  init.o(.text)
    __scatterload_rt2                        0x000006b5   Thumb Code     0  init.o(.text)
    __aeabi_llsl                             0x000006d9   Thumb Code    30  llshl.o(.text)
    _ll_shift_l                              0x000006d9   Thumb Code     0  llshl.o(.text)
    __aeabi_llsr                             0x000006f7   Thumb Code    32  llushr.o(.text)
    _ll_ushift_r                             0x000006f7   Thumb Code     0  llushr.o(.text)
    __aeabi_lasr                             0x00000717   Thumb Code    36  llsshr.o(.text)
    _ll_sshift_r                             0x00000717   Thumb Code     0  llsshr.o(.text)
    I2C_IRQHandler                           0x0000073d   Thumb Code   188  i2c_isr.o(i.I2C_IRQHandler)
    SysTick_Handler                          0x00000805   Thumb Code     8  sleep_app.o(i.SysTick_Handler)
    SystemInit                               0x00000811   Thumb Code    18  system_pac5xxx.o(i.SystemInit)
    USARTA_IRQHandler                        0x00000831   Thumb Code    40  uart_isr.o(i.USARTA_IRQHandler)
    USARTB_IRQHandler                        0x0000085d   Thumb Code    54  uart_isr.o(i.USARTB_IRQHandler)
    USARTC_IRQHandler                        0x000008a1   Thumb Code    94  uart_isr.o(i.USARTC_IRQHandler)
    USARTD_IRQHandler                        0x0000090d   Thumb Code    40  uart_isr.o(i.USARTD_IRQHandler)
    __0printf                                0x00000939   Thumb Code    22  printfa.o(i.__0printf)
    __1printf                                0x00000939   Thumb Code     0  printfa.o(i.__0printf)
    __2printf                                0x00000939   Thumb Code     0  printfa.o(i.__0printf)
    __c89printf                              0x00000939   Thumb Code     0  printfa.o(i.__0printf)
    printf                                   0x00000939   Thumb Code     0  printfa.o(i.__0printf)
    __scatterload_copy                       0x00000959   Thumb Code    14  handlers.o(i.__scatterload_copy)
    __scatterload_null                       0x00000967   Thumb Code     2  handlers.o(i.__scatterload_null)
    __scatterload_zeroinit                   0x00000969   Thumb Code    14  handlers.o(i.__scatterload_zeroinit)
    adc_app                                  0x0000122d   Thumb Code    78  adc_app.o(i.adc_app)
    adc_manual_convert_amplifier             0x00001281   Thumb Code    46  adc_func.o(i.adc_manual_convert_amplifier)
    adc_manual_convert_temperature           0x000012b1   Thumb Code   108  adc_func.o(i.adc_manual_convert_temperature)
    adc_manual_convert_vcc33                 0x00001351   Thumb Code   128  adc_func.o(i.adc_manual_convert_vcc33)
    adc_manual_convert_vccio                 0x000013f1   Thumb Code   128  adc_func.o(i.adc_manual_convert_vccio)
    adc_manual_convert_vcore                 0x00001491   Thumb Code   128  adc_func.o(i.adc_manual_convert_vcore)
    adc_manual_convert_vp                    0x00001531   Thumb Code   128  adc_func.o(i.adc_manual_convert_vp)
    adc_manual_convert_vsys                  0x000015c9   Thumb Code   128  adc_func.o(i.adc_manual_convert_vsys)
    adc_manual_init                          0x00001661   Thumb Code   128  adc_func.o(i.adc_manual_init)
    adc_manual_sample                        0x000016e9   Thumb Code   220  adc_func.o(i.adc_manual_sample)
    analog_signal_aio_adc_config             0x00001861   Thumb Code   102  adc_func.o(i.analog_signal_aio_adc_config)
    configurable_analog_front_end_init       0x000018c9   Thumb Code   152  adc_func.o(i.configurable_analog_front_end_init)
    delay_times                              0x00001965   Thumb Code    30  user.o(i.delay_times)
    fputc                                    0x00001985   Thumb Code    20  user_printf.o(i.fputc)
    gpio_output_init                         0x0000199d   Thumb Code    88  gpio_func.o(i.gpio_output_init)
    main                                     0x000019fd   Thumb Code     6  main.o(i.main)
    pac5xxx_adc_config                       0x00001a03   Thumb Code    34  pac5xxx_driver_adc.o(i.pac5xxx_adc_config)
    pac5xxx_adc_config_emux_io               0x00001a25   Thumb Code    48  pac5xxx_driver_adc.o(i.pac5xxx_adc_config_emux_io)
    pac5xxx_adc_config_io                    0x00001a5d   Thumb Code   192  pac5xxx_driver_adc.o(i.pac5xxx_adc_config_io)
    pac5xxx_socbridge_config                 0x00001b35   Thumb Code   158  pac5xxx_driver_socbridge.o(i.pac5xxx_socbridge_config)
    pac5xxx_socbridge_config_io              0x00001bdd   Thumb Code    68  pac5xxx_driver_socbridge.o(i.pac5xxx_socbridge_config_io)
    pac5xxx_sys_pll_config_enable            0x00001c29   Thumb Code    60  pac5xxx_driver_system.o(i.pac5xxx_sys_pll_config_enable)
    pac5xxx_tile_register_read               0x00001c69   Thumb Code    30  pac5xxx_driver_tile_socbridge.o(i.pac5xxx_tile_register_read)
    pac5xxx_tile_register_write              0x00001c8d   Thumb Code    48  pac5xxx_driver_tile_socbridge.o(i.pac5xxx_tile_register_write)
    pac5xxx_tile_socbridge_config            0x00001cc1   Thumb Code    14  pac5xxx_driver_tile_socbridge.o(i.pac5xxx_tile_socbridge_config)
    pac5xxx_uart_config_LCR2                 0x00001ccf   Thumb Code    50  pac5xxx_driver_uart.o(i.pac5xxx_uart_config_LCR2)
    pac5xxx_uart_config_divisor_latch2       0x00001d01   Thumb Code     4  pac5xxx_driver_uart.o(i.pac5xxx_uart_config_divisor_latch2)
    pac_recovery                             0x00001d05   Thumb Code    60  pac5xxx_driver_system.o(i.pac_recovery)
    system_init                              0x00001d4d   Thumb Code   148  sysclk_func.o(i.system_init)
    uart_init                                0x00001e09   Thumb Code   148  uart_func.o(i.uart_init)
    uart_interrupt_enable                    0x00001eb5   Thumb Code   102  uart_func.o(i.uart_interrupt_enable)
    uart_io_config                           0x00001f2d   Thumb Code   246  uart_func.o(i.uart_io_config)
    Region$$Table$$Base                      0x00002054   Number         0  anon$$obj.o(Region$$Table)
    Region$$Table$$Limit                     0x00002084   Number         0  anon$$obj.o(Region$$Table)
    ram_vector_table                         0x20000000   Data         188  sleep_app.o(.ARM.__AT_0x20000000)
    ADC_IRQHandler                           0x200000bd   Thumb Code   116  adc_isr.o(ramfunc)
    ADC1_IRQHandler                          0x20000131   Thumb Code    76  adc_isr.o(ramfunc)
    ADC2_IRQHandler                          0x2000017d   Thumb Code   138  adc_isr.o(ramfunc)
    ADC3_IRQHandler                          0x20000207   Thumb Code    96  adc_isr.o(ramfunc)
    CAN_IRQHandler                           0x20000271   Thumb Code   110  can_isr.o(ramfunc)
    GpioC_IRQHandler                         0x200002f9   Thumb Code    28  gpio_isr.o(ramfunc)
    GPTimerA_IRQHandler                      0x2000031d   Thumb Code    38  gptimera_isr.o(ramfunc)
    GPTimerB_IRQHandler                      0x2000034d   Thumb Code    38  gptimerb_isr.o(ramfunc)
    RTC_IRQHandler                           0x2000037d   Thumb Code    22  rtc_isr.o(ramfunc)
    TimerA_IRQHandler                        0x20000399   Thumb Code    80  timer_isr.o(ramfunc)
    TimerB_IRQHandler                        0x200003e9   Thumb Code    38  timer_isr.o(ramfunc)
    TimerC_IRQHandler                        0x2000040f   Thumb Code    38  timer_isr.o(ramfunc)
    TimerD_IRQHandler                        0x20000435   Thumb Code    78  timer_isr.o(ramfunc)
    QEPC_IRQHandler                          0x200004a1   Thumb Code   122  qep_isr.o(ramfunc)
    SystemCoreClock                          0x20000524   Data           4  system_pac5xxx.o(.data)
    SystemExternalClock                      0x20000528   Data           4  system_pac5xxx.o(.data)
    rx_data                                  0x2000052d   Data           8  can_func.o(.data)
    rx_dataLen                               0x20000535   Data           1  can_func.o(.data)
    rx_id                                    0x20000536   Data           2  can_func.o(.data)
    buffer                                   0x20000538   Data           4  can_func.o(.data)
    rx_flag                                  0x2000053c   Data           1  can_func.o(.data)
    i2c_data_buff_num                        0x2000053d   Data           1  i2c_isr.o(.data)
    i2c_write_flag                           0x2000053e   Data           1  i2c_isr.o(.data)
    i2c_first_data_flag                      0x2000053f   Data           1  i2c_isr.o(.data)
    i2c_read_flag                            0x20000540   Data           1  i2c_isr.o(.data)
    uart_read_count                          0x20000544   Data           4  uart_isr.o(.data)
    wwdt_flag                                0x20000548   Data           4  sleep_app.o(.data)
    systick_flag                             0x2000054c   Data           4  sleep_app.o(.data)
    __stdout                                 0x20000550   Data           4  stdout.o(.data)
    adc_val                                  0x20000554   Data          48  adc_isr.o(.bss)
    i2c_data_buff                            0x20000584   Data         256  i2c_isr.o(.bss)
    uart_read_buf                            0x20000684   Data          50  uart_isr.o(.bss)
    peripheral                               0x200006b8   Data          48  main.o(.bss)
    __initial_sp                             0x200009e8   Data           0  startup_pac55xx_keil.o(STACK)



==============================================================================

Memory Map of the image

  Image Entry point : 0x000000bd

  Load Region LR_IROM1 (Base: 0x00000000, Size: 0x000025d8, Max: 0x00020000, ABSOLUTE)

    Execution Region ER_IROM1 (Exec base: 0x00000000, Load base: 0x00000000, Size: 0x00002084, Max: 0x00020000, ABSOLUTE)

    Exec Addr    Load Addr    Size         Type   Attr      Idx    E Section Name        Object

    0x00000000   0x00000000   0x000000bc   Data   RO            3    RESET               startup_pac55xx_keil.o
    0x000000bc   0x000000bc   0x00000000   Code   RO         2961  * .ARM.Collect$$$$00000000  mc_w.l(entry.o)
    0x000000bc   0x000000bc   0x00000004   Code   RO         3237    .ARM.Collect$$$$00000001  mc_w.l(entry2.o)
    0x000000c0   0x000000c0   0x00000004   Code   RO         3240    .ARM.Collect$$$$00000004  mc_w.l(entry5.o)
    0x000000c4   0x000000c4   0x00000000   Code   RO         3242    .ARM.Collect$$$$00000008  mc_w.l(entry7b.o)
    0x000000c4   0x000000c4   0x00000000   Code   RO         3244    .ARM.Collect$$$$0000000A  mc_w.l(entry8b.o)
    0x000000c4   0x000000c4   0x00000008   Code   RO         3245    .ARM.Collect$$$$0000000B  mc_w.l(entry9a.o)
    0x000000cc   0x000000cc   0x00000000   Code   RO         3247    .ARM.Collect$$$$0000000D  mc_w.l(entry10a.o)
    0x000000cc   0x000000cc   0x00000000   Code   RO         3249    .ARM.Collect$$$$0000000F  mc_w.l(entry11a.o)
    0x000000cc   0x000000cc   0x00000004   Code   RO         3238    .ARM.Collect$$$$00002712  mc_w.l(entry2.o)
    0x000000d0   0x000000d0   0x0000003c   Code   RO            4    .text               startup_pac55xx_keil.o
    0x0000010c   0x0000010c   0x000000e4   Code   RO         3229    .text               mf_w.l(dmul.o)
    0x000001f0   0x000001f0   0x00000022   Code   RO         3231    .text               mf_w.l(dflti.o)
    0x00000212   0x00000212   0x00000026   Code   RO         3233    .text               mf_w.l(f2d.o)
    0x00000238   0x00000238   0x00000038   Code   RO         3235    .text               mf_w.l(d2f.o)
    0x00000270   0x00000270   0x0000002c   Code   RO         3252    .text               mc_w.l(uidiv.o)
    0x0000029c   0x0000029c   0x00000062   Code   RO         3254    .text               mc_w.l(uldiv.o)
    0x000002fe   0x000002fe   0x00000000   Code   RO         3256    .text               mc_w.l(iusefp.o)
    0x000002fe   0x000002fe   0x0000006e   Code   RO         3257    .text               mf_w.l(fepilogue.o)
    0x0000036c   0x0000036c   0x000000ba   Code   RO         3259    .text               mf_w.l(depilogue.o)
    0x00000426   0x00000426   0x0000014e   Code   RO         3261    .text               mf_w.l(dadd.o)
    0x00000574   0x00000574   0x000000de   Code   RO         3263    .text               mf_w.l(ddiv.o)
    0x00000652   0x00000652   0x00000030   Code   RO         3265    .text               mf_w.l(dfixul.o)
    0x00000682   0x00000682   0x00000002   PAD
    0x00000684   0x00000684   0x00000030   Code   RO         3267    .text               mf_w.l(cdrcmple.o)
    0x000006b4   0x000006b4   0x00000024   Code   RO         3269    .text               mc_w.l(init.o)
    0x000006d8   0x000006d8   0x0000001e   Code   RO         3271    .text               mc_w.l(llshl.o)
    0x000006f6   0x000006f6   0x00000020   Code   RO         3273    .text               mc_w.l(llushr.o)
    0x00000716   0x00000716   0x00000024   Code   RO         3275    .text               mc_w.l(llsshr.o)
    0x0000073a   0x0000073a   0x00000002   PAD
    0x0000073c   0x0000073c   0x000000c8   Code   RO         1494    i.I2C_IRQHandler    i2c_isr.o
    0x00000804   0x00000804   0x0000000c   Code   RO         2759    i.SysTick_Handler   sleep_app.o
    0x00000810   0x00000810   0x00000020   Code   RO           18    i.SystemInit        system_pac5xxx.o
    0x00000830   0x00000830   0x0000002c   Code   RO         2279    i.USARTA_IRQHandler  uart_isr.o
    0x0000085c   0x0000085c   0x00000044   Code   RO         2280    i.USARTB_IRQHandler  uart_isr.o
    0x000008a0   0x000008a0   0x0000006c   Code   RO         2281    i.USARTC_IRQHandler  uart_isr.o
    0x0000090c   0x0000090c   0x0000002c   Code   RO         2282    i.USARTD_IRQHandler  uart_isr.o
    0x00000938   0x00000938   0x00000020   Code   RO         3201    i.__0printf         mc_w.l(printfa.o)
    0x00000958   0x00000958   0x0000000e   Code   RO         3279    i.__scatterload_copy  mc_w.l(handlers.o)
    0x00000966   0x00000966   0x00000002   Code   RO         3280    i.__scatterload_null  mc_w.l(handlers.o)
    0x00000968   0x00000968   0x0000000e   Code   RO         3281    i.__scatterload_zeroinit  mc_w.l(handlers.o)
    0x00000976   0x00000976   0x00000002   PAD
    0x00000978   0x00000978   0x00000184   Code   RO         3208    i._fp_digits        mc_w.l(printfa.o)
    0x00000afc   0x00000afc   0x000006dc   Code   RO         3209    i._printf_core      mc_w.l(printfa.o)
    0x000011d8   0x000011d8   0x00000024   Code   RO         3210    i._printf_post_padding  mc_w.l(printfa.o)
    0x000011fc   0x000011fc   0x0000002e   Code   RO         3211    i._printf_pre_padding  mc_w.l(printfa.o)
    0x0000122a   0x0000122a   0x00000002   PAD
    0x0000122c   0x0000122c   0x00000054   Code   RO          601    i.adc_app           adc_app.o
    0x00001280   0x00001280   0x0000002e   Code   RO          661    i.adc_manual_convert_amplifier  adc_func.o
    0x000012ae   0x000012ae   0x00000002   PAD
    0x000012b0   0x000012b0   0x0000009c   Code   RO          663    i.adc_manual_convert_temperature  adc_func.o
    0x0000134c   0x0000134c   0x00000004   PAD
    0x00001350   0x00001350   0x0000009c   Code   RO          664    i.adc_manual_convert_vcc33  adc_func.o
    0x000013ec   0x000013ec   0x00000004   PAD
    0x000013f0   0x000013f0   0x0000009c   Code   RO          665    i.adc_manual_convert_vccio  adc_func.o
    0x0000148c   0x0000148c   0x00000004   PAD
    0x00001490   0x00001490   0x0000009c   Code   RO          667    i.adc_manual_convert_vcore  adc_func.o
    0x0000152c   0x0000152c   0x00000004   PAD
    0x00001530   0x00001530   0x00000098   Code   RO          668    i.adc_manual_convert_vp  adc_func.o
    0x000015c8   0x000015c8   0x00000098   Code   RO          669    i.adc_manual_convert_vsys  adc_func.o
    0x00001660   0x00001660   0x00000088   Code   RO          670    i.adc_manual_init   adc_func.o
    0x000016e8   0x000016e8   0x00000178   Code   RO          671    i.adc_manual_sample  adc_func.o
    0x00001860   0x00001860   0x00000066   Code   RO          672    i.analog_signal_aio_adc_config  adc_func.o
    0x000018c6   0x000018c6   0x00000002   PAD
    0x000018c8   0x000018c8   0x0000009c   Code   RO          677    i.configurable_analog_front_end_init  adc_func.o
    0x00001964   0x00001964   0x0000001e   Code   RO         2511    i.delay_times       user.o
    0x00001982   0x00001982   0x00000002   PAD
    0x00001984   0x00001984   0x00000018   Code   RO         2535    i.fputc             user_printf.o
    0x0000199c   0x0000199c   0x00000060   Code   RO         1210    i.gpio_output_init  gpio_func.o
    0x000019fc   0x000019fc   0x00000006   Code   RO         2631    i.main              main.o
    0x00001a02   0x00001a02   0x00000022   Code   RO          120    i.pac5xxx_adc_config  pac5xxx_driver_adc.o
    0x00001a24   0x00001a24   0x00000038   Code   RO          121    i.pac5xxx_adc_config_emux_io  pac5xxx_driver_adc.o
    0x00001a5c   0x00001a5c   0x000000d8   Code   RO          122    i.pac5xxx_adc_config_io  pac5xxx_driver_adc.o
    0x00001b34   0x00001b34   0x000000a8   Code   RO          247    i.pac5xxx_socbridge_config  pac5xxx_driver_socbridge.o
    0x00001bdc   0x00001bdc   0x0000004c   Code   RO          248    i.pac5xxx_socbridge_config_io  pac5xxx_driver_socbridge.o
    0x00001c28   0x00001c28   0x00000040   Code   RO          287    i.pac5xxx_sys_pll_config_enable  pac5xxx_driver_system.o
    0x00001c68   0x00001c68   0x00000024   Code   RO          320    i.pac5xxx_tile_register_read  pac5xxx_driver_tile_socbridge.o
    0x00001c8c   0x00001c8c   0x00000034   Code   RO          321    i.pac5xxx_tile_register_write  pac5xxx_driver_tile_socbridge.o
    0x00001cc0   0x00001cc0   0x0000000e   Code   RO          322    i.pac5xxx_tile_socbridge_config  pac5xxx_driver_tile_socbridge.o
    0x00001cce   0x00001cce   0x00000032   Code   RO          404    i.pac5xxx_uart_config_LCR2  pac5xxx_driver_uart.o
    0x00001d00   0x00001d00   0x00000004   Code   RO          405    i.pac5xxx_uart_config_divisor_latch2  pac5xxx_driver_uart.o
    0x00001d04   0x00001d04   0x00000048   Code   RO          288    i.pac_recovery      pac5xxx_driver_system.o
    0x00001d4c   0x00001d4c   0x000000bc   Code   RO         2027    i.system_init       sysclk_func.o
    0x00001e08   0x00001e08   0x000000ac   Code   RO         2378    i.uart_init         uart_func.o
    0x00001eb4   0x00001eb4   0x00000078   Code   RO         2379    i.uart_interrupt_enable  uart_func.o
    0x00001f2c   0x00001f2c   0x00000128   Code   RO         2380    i.uart_io_config    uart_func.o
    0x00002054   0x00002054   0x00000030   Data   RO         3277    Region$$Table       anon$$obj.o


    Execution Region RW_IRAM1 (Exec base: 0x20000000, Load base: 0x00002084, Size: 0x000009e8, Max: 0x00008000, ABSOLUTE)

    Exec Addr    Load Addr    Size         Type   Attr      Idx    E Section Name        Object

    0x20000000   0x00002084   0x000000bc   Data   RO         2766    .ARM.__AT_0x20000000  sleep_app.o
    0x200000bc   0x00002140   0x000001b4   Code   RO          470    ramfunc             adc_isr.o
    0x20000270   0x000022f4   0x00000088   Code   RO          943    ramfunc             can_isr.o
    0x200002f8   0x0000237c   0x00000024   Code   RO         1160    ramfunc             gpio_isr.o
    0x2000031c   0x000023a0   0x00000030   Code   RO         1268    ramfunc             gptimera_isr.o
    0x2000034c   0x000023d0   0x00000030   Code   RO         1340    ramfunc             gptimerb_isr.o
    0x2000037c   0x00002400   0x0000001c   Code   RO         1717    ramfunc             rtc_isr.o
    0x20000398   0x0000241c   0x00000108   Code   RO         2051    ramfunc             timer_isr.o
    0x200004a0   0x00002524   0x00000084   Code   RO         2201    ramfunc             qep_isr.o
    0x20000524   0x000025a8   0x00000008   Data   RW           19    .data               system_pac5xxx.o
    0x2000052c   0x000025b0   0x00000001   Data   RW          682    .data               adc_func.o
    0x2000052d   0x000025b1   0x00000008   Data   RW          996    .data               can_func.o
    0x20000535   0x000025b9   0x00000001   Data   RW          997    .data               can_func.o
    0x20000536   0x000025ba   0x00000002   Data   RW          998    .data               can_func.o
    0x20000538   0x000025bc   0x00000004   Data   RW          999    .data               can_func.o
    0x2000053c   0x000025c0   0x00000001   Data   RW         1000    .data               can_func.o
    0x2000053d   0x000025c1   0x00000004   Data   RW         1496    .data               i2c_isr.o
    0x20000541   0x000025c5   0x00000003   PAD
    0x20000544   0x000025c8   0x00000004   Data   RW         2286    .data               uart_isr.o
    0x20000548   0x000025cc   0x00000008   Data   RW         2767    .data               sleep_app.o
    0x20000550   0x000025d4   0x00000004   Data   RW         3251    .data               mc_w.l(stdout.o)
    0x20000554        -       0x00000030   Zero   RW          471    .bss                adc_isr.o
    0x20000584        -       0x00000100   Zero   RW         1495    .bss                i2c_isr.o
    0x20000684        -       0x00000032   Zero   RW         2283    .bss                uart_isr.o
    0x200006b6   0x000025d8   0x00000002   PAD
    0x200006b8        -       0x00000030   Zero   RW         2632    .bss                main.o
    0x200006e8        -       0x00000300   Zero   RW            1    STACK               startup_pac55xx_keil.o


==============================================================================

Image component sizes


      Code (inc. data)   RO Data    RW Data    ZI Data      Debug   Object Name

        84          6          0          0          0       1060   adc_app.o
      1744        348          0          1          0       9582   adc_func.o
       436         10          0          0         48       2967   adc_isr.o
         0          0          0         16          0        810   can_func.o
       136         26          0          0          0        653   can_isr.o
        96          8          0          0          0        571   gpio_func.o
        36          8          0          0          0        543   gpio_isr.o
        48         10          0          0          0        582   gptimera_isr.o
        48         10          0          0          0        582   gptimerb_isr.o
         0          0          0          0          0      30079   i2c_func.o
       200         26          0          4        256       1520   i2c_isr.o
         6          0          0          0         48       1636   main.o
       306         32          0          0          0       2134   pac5xxx_driver_adc.o
       244         18          0          0          0      42764   pac5xxx_driver_socbridge.o
       136         16          0          0          0       1911   pac5xxx_driver_system.o
       102         10          0          0          0       2259   pac5xxx_driver_tile_socbridge.o
        54          0          0          0          0       2008   pac5xxx_driver_uart.o
       132         10          0          0          0        610   qep_isr.o
        28          6          0          0          0        545   rtc_isr.o
        12          4        188          8          0       1677   sleep_app.o
        60         14        188          0        768        984   startup_pac55xx_keil.o
       188         40          0          0          0        646   sysclk_func.o
        32         14          0          8          0      25851   system_pac5xxx.o
       264         30          0          0          0       1246   timer_isr.o
       588         92          0          0          0       3331   uart_func.o
       264         36          0          4         50      33991   uart_isr.o
        30          0          0          0          0        662   user.o
        24          4          0          0          0        596   user_printf.o

    ----------------------------------------------------------------------
      5320        794        424         44       1172     171800   Object Totals
         0          0         48          0          0          0   (incl. Generated)
        22         16          0          3          2          0   (incl. Padding)

    ----------------------------------------------------------------------

      Code (inc. data)   RO Data    RW Data    ZI Data      Debug   Library Member Name

         0          0          0          0          0          0   entry.o
         0          0          0          0          0          0   entry10a.o
         0          0          0          0          0          0   entry11a.o
         8          4          0          0          0          0   entry2.o
         4          0          0          0          0          0   entry5.o
         0          0          0          0          0          0   entry7b.o
         0          0          0          0          0          0   entry8b.o
         8          4          0          0          0          0   entry9a.o
        30          0          0          0          0          0   handlers.o
        36          8          0          0          0         68   init.o
         0          0          0          0          0          0   iusefp.o
        30          0          0          0          0         68   llshl.o
        36          0          0          0          0         68   llsshr.o
        32          0          0          0          0         68   llushr.o
      2258         90          0          0          0        452   printfa.o
         0          0          0          4          0          0   stdout.o
        44          0          0          0          0         80   uidiv.o
        98          0          0          0          0         92   uldiv.o
        48          0          0          0          0         68   cdrcmple.o
        56          0          0          0          0         88   d2f.o
       334          0          0          0          0        148   dadd.o
       222          0          0          0          0        100   ddiv.o
       186          0          0          0          0        176   depilogue.o
        48          0          0          0          0         68   dfixul.o
        34          0          0          0          0         76   dflti.o
       228          0          0          0          0         96   dmul.o
        38          0          0          0          0         68   f2d.o
       110          0          0          0          0        168   fepilogue.o

    ----------------------------------------------------------------------
      3896        106          0          4          0       1952   Library Totals
         8          0          0          0          0          0   (incl. Padding)

    ----------------------------------------------------------------------

      Code (inc. data)   RO Data    RW Data    ZI Data      Debug   Library Name

      2584        106          0          4          0        896   mc_w.l
      1304          0          0          0          0       1056   mf_w.l

    ----------------------------------------------------------------------
      3896        106          0          4          0       1952   Library Totals

    ----------------------------------------------------------------------

==============================================================================


      Code (inc. data)   RO Data    RW Data    ZI Data      Debug   

      9216        900        424         48       1172     168520   Grand Totals
      9216        900        424         48       1172     168520   ELF Image Totals
      9216        900        424         48          0          0   ROM Totals

==============================================================================

    Total RO  Size (Code + RO Data)                 9640 (   9.41kB)
    Total RW  Size (RW Data + ZI Data)              1220 (   1.19kB)
    Total ROM Size (Code + RO Data + RW Data)       9688 (   9.46kB)

==============================================================================

