<html>
<body>
<pre>
<h1>µVision Build Log</h1>
<h2>Tool Versions:</h2>
IDE-Version: µVision V5.31.0.0
Copyright (C) 2020 ARM Ltd and ARM Germany GmbH. All rights reserved.
License Information: a s, d, LIC=----
 
Tool Versions:
Toolchain:       MDK-Lite  Version: 5.31.0.0
Toolchain Path:  C:\Keil_v5\ARM\ARMCC\Bin
C Compiler:      Armcc.exe V5.06 update 6 (build 750)
Assembler:       Armasm.exe V5.06 update 6 (build 750)
Linker/Locator:  ArmLink.exe V5.06 update 6 (build 750)
Library Manager: ArmAr.exe V5.06 update 6 (build 750)
Hex Converter:   FromElf.exe V5.06 update 6 (build 750)
CPU DLL:         SARMCM3.DLL V5.31.0.0
Dialog DLL:      DCM.DLL V1.17.3.0
Target DLL:      Segger\JL2CM3.dll V2.99.38.0
Dialog DLL:      TCM.DLL V1.46.0.0
 
<h2>Project:</h2>
F:\New folder\selex_co\Selex_co1\PAC55\installer-pac55xx_example_code_v1.4.0\CAN_TEST\pac55xx_peripheral_examples\keil_proj\project.uvprojx
Project File Date:  01/23/2021

<h2>Output:</h2>
*** Using Compiler 'V5.06 update 6 (build 750)', folder: 'C:\Keil_v5\ARM\ARMCC\Bin'
Rebuild target 'project'
Before Build - User command #1: cmd.exe /k "IF EXIST ..\..\build_date_time.bat (..\..\build_date_time.bat .\ keil) ELSE (exit)"
Generating project_build_info_keil.h...
custom translating swd_unlock.S...
Custom: C:\Keil_v5\\ARM\ARMCC\bin\armcc -c --cpu Cortex-M4.fp -E  F:\New folder\selex_co\Selex_co1\PAC55\installer-pac55xx_example_code_v1.4.0\CAN_TEST\pac55xx_peripheral_examples\src\code_protect\swd_unlock.S  -o "F:\New folder\selex_co\Selex_co1\PAC55\installer-pac55xx_example_code_v1.4.0\CAN_TEST\pac55xx_peripheral_examples\keil_proj\\preproc_swd_unlock.S"
"no source": Error:  #5: cannot open source input file "F:\New": No such file or directory
F:\New: 0 warnings, 1 error
assembling startup_pac55xx_keil.s...
compiling pac5xxx_driver_socbridge.c...
compiling pac5xxx_driver_adc.c...
compiling system_pac5xxx.c...
compiling pac5xxx_driver_gpio.c...
compiling pac5xxx_driver_system.c...
..\pac55xx_sdk\driver\pac5xxx_driver_system.c(44): warning:  #1215-D: #warning directive: PAC_RECOVERY enabled; Ground PE3 to add 3 second boot delay to allow recovery of misconfigured device; remove for production system
  #warning PAC_RECOVERY enabled; Ground PE3 to add 3 second boot delay to allow recovery of misconfigured device; remove for production system
..\pac55xx_sdk\driver\pac5xxx_driver_system.c: 1 warning, 0 errors
compiling pac5xxx_driver_tile_socbridge.c...
compiling pac5xxx_driver_uart.c...
compiling pac5xxx_driver_can.c...
compiling pac5xxx_driver_timer.c...
compiling adc_isr.c...
compiling aio_app.c...
compiling adc_app.c...
compiling can_isr.c...
compiling aio_func.c...
compiling adc_func.c...
compiling can_app.c...
compiling crc_app.c...
compiling can_func.c...
compiling crc_func.c...
compiling flash_app.c...
compiling gpio_isr.c...
compiling flash_func.c...
compiling gpio_func.c...
compiling gpio_app.c...
compiling gptimera_isr.c...
compiling gptimera_app.c...
compiling gptimera_func.c...
compiling gptimerb_isr.c...
compiling gptimerb_app.c...
compiling gptimerb_func.c...
compiling hib_app.c...
compiling hib_func.c...
compiling i2c_app.c...
compiling i2c_isr.c...
compiling power_app.c...
compiling power_func.c...
compiling rtc_isr.c...
compiling rtc_app.c...
compiling i2c_func.c...
compiling ssp_app.c...
compiling ssp_isr.c...
compiling rtc_func.c...
compiling sysclk_app.c...
compiling ssp_func.c...
compiling capture_func.c...
compiling pwm_driver_func.c...
compiling sysclk_func.c...
compiling timer_isr.c...
compiling pwm_func.c...
compiling qep_isr.c...
compiling timer_app.c...
compiling qep_func.c...
compiling timer_func.c...
compiling uart_isr.c...
compiling user_printf.c...
compiling user.c...
compiling uart_app.c...
compiling wwdt_isr.c...
compiling uart_func.c...
compiling main.c...
compiling wwdt_func.c...
compiling wwdt_app.c...
compiling sleep_ramfunc.c...
compiling sleep_app.c...
assembling preproc_swd_unlock.S...
compiling code_protect_func.c...
compiling code_protect_app.c...
linking...
Program Size: Code=9216 RO-data=424 RW-data=48 ZI-data=1172  
FromELF: creating hex file...
After Build - User command #1: "C:\Keil_v5\\ARM\ARMCC\bin\fromelf.exe" --bincombined ".\Objects\project.axf" --output="F:\New folder\selex_co\Selex_co1\PAC55\installer-pac55xx_example_code_v1.4.0\CAN_TEST\pac55xx_peripheral_examples\keil_proj\Objects\\code_protection_keil.bin"
".\Objects\project.axf" - 0 Error(s), 1 Warning(s).

<h2>Software Packages used:</h2>

Package Vendor: ARM
                http://www.keil.com/pack/ARM.CMSIS.5.7.0.pack
                ARM.CMSIS.5.7.0
                CMSIS (Cortex Microcontroller Software Interface Standard)
   * Component: CORE Version: 5.4.0

Package Vendor: Active-Semi
                http://www.qorvo.com/extra/keil_pack/Active-Semi.PAC55XX.1.1.0.pack
                Active-Semi.PAC55XX.1.1.0
                PAC55XX Family of Power Application Controllers

<h2>Collection of Component include folders:</h2>
  .\RTE\_project
  C:\Users\Selex-PC\AppData\Local\Arm\Packs\ARM\CMSIS\5.7.0\CMSIS\Core\Include
  C:\Users\Selex-PC\AppData\Local\Arm\Packs\Active-Semi\PAC55XX\1.1.0\Device\Include

<h2>Collection of Component Files used:</h2>

   * Component: ARM::CMSIS:CORE:5.4.0
Build Time Elapsed:  00:00:07
</pre>
</body>
</html>
