<!doctype html public "-//w3c//dtd html 4.0 transitional//en">
<html><head>
<title>Static Call Graph - [.\Objects\project.axf]</title></head>
<body><HR>
<H1>Static Call Graph for image .\Objects\project.axf</H1><HR>
<BR><P>#&#060CALLGRAPH&#062# ARM Linker, 5060750: Last Updated: Sat Jan 23 13:09:56 2021
<BR><P>
<H3>Maximum Stack Usage =        104 bytes + Unknown(Functions without stacksize, Cycles, Untraceable Function Pointers)</H3><H3>
Call chain for Maximum Stack Depth:</H3>
main &rArr; adc_app &rArr; adc_manual_convert_vsys &rArr; __aeabi_dmul &rArr; _double_epilogue &rArr; _double_round
<P>
<H3>
Functions with no stack information
</H3><UL>
 <LI><a href="#[62]">pac_delay_asm</a>
</UL>
</UL>
<P>
<H3>
Mutually Recursive functions
</H3> <LI><a href="#[1]">NMI_Handler</a>&nbsp;&nbsp;&nbsp;&rArr;&nbsp;&nbsp;&nbsp;<a href="#[1]">NMI_Handler</a><BR>
 <LI><a href="#[2]">HardFault_Handler</a>&nbsp;&nbsp;&nbsp;&rArr;&nbsp;&nbsp;&nbsp;<a href="#[2]">HardFault_Handler</a><BR>
 <LI><a href="#[3]">MemManageFault_Handler</a>&nbsp;&nbsp;&nbsp;&rArr;&nbsp;&nbsp;&nbsp;<a href="#[3]">MemManageFault_Handler</a><BR>
 <LI><a href="#[4]">BusFault_Handler</a>&nbsp;&nbsp;&nbsp;&rArr;&nbsp;&nbsp;&nbsp;<a href="#[4]">BusFault_Handler</a><BR>
 <LI><a href="#[5]">UsageFault_Handler</a>&nbsp;&nbsp;&nbsp;&rArr;&nbsp;&nbsp;&nbsp;<a href="#[5]">UsageFault_Handler</a><BR>
 <LI><a href="#[6]">SVC_Handler</a>&nbsp;&nbsp;&nbsp;&rArr;&nbsp;&nbsp;&nbsp;<a href="#[6]">SVC_Handler</a><BR>
 <LI><a href="#[7]">PendSV_Handler</a>&nbsp;&nbsp;&nbsp;&rArr;&nbsp;&nbsp;&nbsp;<a href="#[7]">PendSV_Handler</a><BR>
</UL>
<P>
<H3>
Function Pointers
</H3><UL>
 <LI><a href="#[d]">ADC1_IRQHandler</a> from adc_isr.o(ramfunc) referenced from startup_pac55xx_keil.o(RESET)
 <LI><a href="#[e]">ADC2_IRQHandler</a> from adc_isr.o(ramfunc) referenced from startup_pac55xx_keil.o(RESET)
 <LI><a href="#[f]">ADC3_IRQHandler</a> from adc_isr.o(ramfunc) referenced from startup_pac55xx_keil.o(RESET)
 <LI><a href="#[c]">ADC_IRQHandler</a> from adc_isr.o(ramfunc) referenced from startup_pac55xx_keil.o(RESET)
 <LI><a href="#[4]">BusFault_Handler</a> from startup_pac55xx_keil.o(.text) referenced from startup_pac55xx_keil.o(RESET)
 <LI><a href="#[24]">CAN_IRQHandler</a> from can_isr.o(ramfunc) referenced from startup_pac55xx_keil.o(RESET)
 <LI><a href="#[27]">CCS_IRQHandler</a> from startup_pac55xx_keil.o(.text) referenced from startup_pac55xx_keil.o(RESET)
 <LI><a href="#[25]">GPTimerA_IRQHandler</a> from gptimera_isr.o(ramfunc) referenced from startup_pac55xx_keil.o(RESET)
 <LI><a href="#[26]">GPTimerB_IRQHandler</a> from gptimerb_isr.o(ramfunc) referenced from startup_pac55xx_keil.o(RESET)
 <LI><a href="#[18]">GpioA_IRQHandler</a> from startup_pac55xx_keil.o(.text) referenced from startup_pac55xx_keil.o(RESET)
 <LI><a href="#[19]">GpioB_IRQHandler</a> from startup_pac55xx_keil.o(.text) referenced from startup_pac55xx_keil.o(RESET)
 <LI><a href="#[1a]">GpioC_IRQHandler</a> from gpio_isr.o(ramfunc) referenced from startup_pac55xx_keil.o(RESET)
 <LI><a href="#[1b]">GpioD_IRQHandler</a> from startup_pac55xx_keil.o(.text) referenced from startup_pac55xx_keil.o(RESET)
 <LI><a href="#[1c]">GpioE_IRQHandler</a> from startup_pac55xx_keil.o(.text) referenced from startup_pac55xx_keil.o(RESET)
 <LI><a href="#[1d]">GpioF_IRQHandler</a> from startup_pac55xx_keil.o(.text) referenced from startup_pac55xx_keil.o(RESET)
 <LI><a href="#[1e]">GpioG_IRQHandler</a> from startup_pac55xx_keil.o(.text) referenced from startup_pac55xx_keil.o(RESET)
 <LI><a href="#[2]">HardFault_Handler</a> from startup_pac55xx_keil.o(.text) referenced from startup_pac55xx_keil.o(RESET)
 <LI><a href="#[1f]">I2C_IRQHandler</a> from i2c_isr.o(i.I2C_IRQHandler) referenced from startup_pac55xx_keil.o(RESET)
 <LI><a href="#[9]">MemCtl_IRQHandler</a> from startup_pac55xx_keil.o(.text) referenced from startup_pac55xx_keil.o(RESET)
 <LI><a href="#[3]">MemManageFault_Handler</a> from startup_pac55xx_keil.o(.text) referenced from startup_pac55xx_keil.o(RESET)
 <LI><a href="#[1]">NMI_Handler</a> from startup_pac55xx_keil.o(.text) referenced from startup_pac55xx_keil.o(RESET)
 <LI><a href="#[7]">PendSV_Handler</a> from startup_pac55xx_keil.o(.text) referenced from startup_pac55xx_keil.o(RESET)
 <LI><a href="#[14]">QEPA_IRQHandler</a> from startup_pac55xx_keil.o(.text) referenced from startup_pac55xx_keil.o(RESET)
 <LI><a href="#[15]">QEPB_IRQHandler</a> from startup_pac55xx_keil.o(.text) referenced from startup_pac55xx_keil.o(RESET)
 <LI><a href="#[16]">QEPC_IRQHandler</a> from qep_isr.o(ramfunc) referenced from startup_pac55xx_keil.o(RESET)
 <LI><a href="#[17]">QEPD_IRQHandler</a> from startup_pac55xx_keil.o(.text) referenced from startup_pac55xx_keil.o(RESET)
 <LI><a href="#[b]">RTC_IRQHandler</a> from rtc_isr.o(ramfunc) referenced from startup_pac55xx_keil.o(RESET)
 <LI><a href="#[0]">Reset_Handler</a> from startup_pac55xx_keil.o(.text) referenced from startup_pac55xx_keil.o(RESET)
 <LI><a href="#[6]">SVC_Handler</a> from startup_pac55xx_keil.o(.text) referenced from startup_pac55xx_keil.o(RESET)
 <LI><a href="#[8]">SysTick_Handler</a> from sleep_app.o(i.SysTick_Handler) referenced from startup_pac55xx_keil.o(RESET)
 <LI><a href="#[2a]">SystemInit</a> from system_pac5xxx.o(i.SystemInit) referenced from startup_pac55xx_keil.o(.text)
 <LI><a href="#[10]">TimerA_IRQHandler</a> from timer_isr.o(ramfunc) referenced from startup_pac55xx_keil.o(RESET)
 <LI><a href="#[11]">TimerB_IRQHandler</a> from timer_isr.o(ramfunc) referenced from startup_pac55xx_keil.o(RESET)
 <LI><a href="#[12]">TimerC_IRQHandler</a> from timer_isr.o(ramfunc) referenced from startup_pac55xx_keil.o(RESET)
 <LI><a href="#[13]">TimerD_IRQHandler</a> from timer_isr.o(ramfunc) referenced from startup_pac55xx_keil.o(RESET)
 <LI><a href="#[20]">USARTA_IRQHandler</a> from uart_isr.o(i.USARTA_IRQHandler) referenced from startup_pac55xx_keil.o(RESET)
 <LI><a href="#[21]">USARTB_IRQHandler</a> from uart_isr.o(i.USARTB_IRQHandler) referenced from startup_pac55xx_keil.o(RESET)
 <LI><a href="#[22]">USARTC_IRQHandler</a> from uart_isr.o(i.USARTC_IRQHandler) referenced from startup_pac55xx_keil.o(RESET)
 <LI><a href="#[23]">USARTD_IRQHandler</a> from uart_isr.o(i.USARTD_IRQHandler) referenced from startup_pac55xx_keil.o(RESET)
 <LI><a href="#[5]">UsageFault_Handler</a> from startup_pac55xx_keil.o(.text) referenced from startup_pac55xx_keil.o(RESET)
 <LI><a href="#[a]">Wdt_IRQHandler</a> from startup_pac55xx_keil.o(.text) referenced from startup_pac55xx_keil.o(RESET)
 <LI><a href="#[2b]">__main</a> from entry.o(.ARM.Collect$$$$00000000) referenced from startup_pac55xx_keil.o(.text)
 <LI><a href="#[2c]">fputc</a> from user_printf.o(i.fputc) referenced from printfa.o(i.__0printf)
 <LI><a href="#[28]">main</a> from main.o(i.main) referenced from entry9a.o(.ARM.Collect$$$$0000000B)
 <LI><a href="#[29]">pac_recovery</a> from pac5xxx_driver_system.o(i.pac_recovery) referenced from startup_pac55xx_keil.o(.text)
</UL>
<P>
<H3>
Global Symbols
</H3>
<P><STRONG><a name="[2b]"></a>__main</STRONG> (Thumb, 0 bytes, Stack size unknown bytes, entry.o(.ARM.Collect$$$$00000000))
<BR>[Address Reference Count : 1]<UL><LI> startup_pac55xx_keil.o(.text)
</UL>
<P><STRONG><a name="[68]"></a>_main_stk</STRONG> (Thumb, 0 bytes, Stack size unknown bytes, entry2.o(.ARM.Collect$$$$00000001))

<P><STRONG><a name="[2d]"></a>_main_scatterload</STRONG> (Thumb, 0 bytes, Stack size unknown bytes, entry5.o(.ARM.Collect$$$$00000004))
<BR><BR>[Calls]<UL><LI><a href="#[2e]">&gt;&gt;</a>&nbsp;&nbsp;&nbsp;__scatterload
</UL>

<P><STRONG><a name="[40]"></a>__main_after_scatterload</STRONG> (Thumb, 0 bytes, Stack size unknown bytes, entry5.o(.ARM.Collect$$$$00000004))
<BR><BR>[Called By]<UL><LI><a href="#[2e]">&gt;&gt;</a>&nbsp;&nbsp;&nbsp;__scatterload
</UL>

<P><STRONG><a name="[69]"></a>_main_clock</STRONG> (Thumb, 0 bytes, Stack size unknown bytes, entry7b.o(.ARM.Collect$$$$00000008))

<P><STRONG><a name="[6a]"></a>_main_cpp_init</STRONG> (Thumb, 0 bytes, Stack size unknown bytes, entry8b.o(.ARM.Collect$$$$0000000A))

<P><STRONG><a name="[6b]"></a>_main_init</STRONG> (Thumb, 0 bytes, Stack size unknown bytes, entry9a.o(.ARM.Collect$$$$0000000B))

<P><STRONG><a name="[6c]"></a>__rt_final_cpp</STRONG> (Thumb, 0 bytes, Stack size unknown bytes, entry10a.o(.ARM.Collect$$$$0000000D))

<P><STRONG><a name="[6d]"></a>__rt_final_exit</STRONG> (Thumb, 0 bytes, Stack size unknown bytes, entry11a.o(.ARM.Collect$$$$0000000F))

<P><STRONG><a name="[0]"></a>Reset_Handler</STRONG> (Thumb, 12 bytes, Stack size 0 bytes, startup_pac55xx_keil.o(.text))
<BR>[Address Reference Count : 1]<UL><LI> startup_pac55xx_keil.o(RESET)
</UL>
<P><STRONG><a name="[1]"></a>NMI_Handler</STRONG> (Thumb, 2 bytes, Stack size 0 bytes, startup_pac55xx_keil.o(.text))
<BR><BR>[Calls]<UL><LI><a href="#[1]">&gt;&gt;</a>&nbsp;&nbsp;&nbsp;NMI_Handler
</UL>
<BR>[Called By]<UL><LI><a href="#[1]">&gt;&gt;</a>&nbsp;&nbsp;&nbsp;NMI_Handler
</UL>
<BR>[Address Reference Count : 1]<UL><LI> startup_pac55xx_keil.o(RESET)
</UL>
<P><STRONG><a name="[2]"></a>HardFault_Handler</STRONG> (Thumb, 2 bytes, Stack size 0 bytes, startup_pac55xx_keil.o(.text))
<BR><BR>[Calls]<UL><LI><a href="#[2]">&gt;&gt;</a>&nbsp;&nbsp;&nbsp;HardFault_Handler
</UL>
<BR>[Called By]<UL><LI><a href="#[2]">&gt;&gt;</a>&nbsp;&nbsp;&nbsp;HardFault_Handler
</UL>
<BR>[Address Reference Count : 1]<UL><LI> startup_pac55xx_keil.o(RESET)
</UL>
<P><STRONG><a name="[3]"></a>MemManageFault_Handler</STRONG> (Thumb, 2 bytes, Stack size 0 bytes, startup_pac55xx_keil.o(.text))
<BR><BR>[Calls]<UL><LI><a href="#[3]">&gt;&gt;</a>&nbsp;&nbsp;&nbsp;MemManageFault_Handler
</UL>
<BR>[Called By]<UL><LI><a href="#[3]">&gt;&gt;</a>&nbsp;&nbsp;&nbsp;MemManageFault_Handler
</UL>
<BR>[Address Reference Count : 1]<UL><LI> startup_pac55xx_keil.o(RESET)
</UL>
<P><STRONG><a name="[4]"></a>BusFault_Handler</STRONG> (Thumb, 2 bytes, Stack size 0 bytes, startup_pac55xx_keil.o(.text))
<BR><BR>[Calls]<UL><LI><a href="#[4]">&gt;&gt;</a>&nbsp;&nbsp;&nbsp;BusFault_Handler
</UL>
<BR>[Called By]<UL><LI><a href="#[4]">&gt;&gt;</a>&nbsp;&nbsp;&nbsp;BusFault_Handler
</UL>
<BR>[Address Reference Count : 1]<UL><LI> startup_pac55xx_keil.o(RESET)
</UL>
<P><STRONG><a name="[5]"></a>UsageFault_Handler</STRONG> (Thumb, 2 bytes, Stack size 0 bytes, startup_pac55xx_keil.o(.text))
<BR><BR>[Calls]<UL><LI><a href="#[5]">&gt;&gt;</a>&nbsp;&nbsp;&nbsp;UsageFault_Handler
</UL>
<BR>[Called By]<UL><LI><a href="#[5]">&gt;&gt;</a>&nbsp;&nbsp;&nbsp;UsageFault_Handler
</UL>
<BR>[Address Reference Count : 1]<UL><LI> startup_pac55xx_keil.o(RESET)
</UL>
<P><STRONG><a name="[6]"></a>SVC_Handler</STRONG> (Thumb, 2 bytes, Stack size 0 bytes, startup_pac55xx_keil.o(.text))
<BR><BR>[Calls]<UL><LI><a href="#[6]">&gt;&gt;</a>&nbsp;&nbsp;&nbsp;SVC_Handler
</UL>
<BR>[Called By]<UL><LI><a href="#[6]">&gt;&gt;</a>&nbsp;&nbsp;&nbsp;SVC_Handler
</UL>
<BR>[Address Reference Count : 1]<UL><LI> startup_pac55xx_keil.o(RESET)
</UL>
<P><STRONG><a name="[2f]"></a>DebugMon_Handler</STRONG> (Thumb, 2 bytes, Stack size 0 bytes, startup_pac55xx_keil.o(.text), UNUSED)
<BR><BR>[Calls]<UL><LI><a href="#[2f]">&gt;&gt;</a>&nbsp;&nbsp;&nbsp;DebugMon_Handler
</UL>
<BR>[Called By]<UL><LI><a href="#[2f]">&gt;&gt;</a>&nbsp;&nbsp;&nbsp;DebugMon_Handler
</UL>

<P><STRONG><a name="[7]"></a>PendSV_Handler</STRONG> (Thumb, 2 bytes, Stack size 0 bytes, startup_pac55xx_keil.o(.text))
<BR><BR>[Calls]<UL><LI><a href="#[7]">&gt;&gt;</a>&nbsp;&nbsp;&nbsp;PendSV_Handler
</UL>
<BR>[Called By]<UL><LI><a href="#[7]">&gt;&gt;</a>&nbsp;&nbsp;&nbsp;PendSV_Handler
</UL>
<BR>[Address Reference Count : 1]<UL><LI> startup_pac55xx_keil.o(RESET)
</UL>
<P><STRONG><a name="[27]"></a>CCS_IRQHandler</STRONG> (Thumb, 0 bytes, Stack size 0 bytes, startup_pac55xx_keil.o(.text))
<BR>[Address Reference Count : 1]<UL><LI> startup_pac55xx_keil.o(RESET)
</UL>
<P><STRONG><a name="[30]"></a>Default_Handler</STRONG> (Thumb, 2 bytes, Stack size 0 bytes, startup_pac55xx_keil.o(.text), UNUSED)
<BR><BR>[Calls]<UL><LI><a href="#[30]">&gt;&gt;</a>&nbsp;&nbsp;&nbsp;Default_Handler
</UL>
<BR>[Called By]<UL><LI><a href="#[30]">&gt;&gt;</a>&nbsp;&nbsp;&nbsp;Default_Handler
</UL>

<P><STRONG><a name="[18]"></a>GpioA_IRQHandler</STRONG> (Thumb, 0 bytes, Stack size 0 bytes, startup_pac55xx_keil.o(.text))
<BR>[Address Reference Count : 1]<UL><LI> startup_pac55xx_keil.o(RESET)
</UL>
<P><STRONG><a name="[19]"></a>GpioB_IRQHandler</STRONG> (Thumb, 0 bytes, Stack size 0 bytes, startup_pac55xx_keil.o(.text))
<BR>[Address Reference Count : 1]<UL><LI> startup_pac55xx_keil.o(RESET)
</UL>
<P><STRONG><a name="[1b]"></a>GpioD_IRQHandler</STRONG> (Thumb, 0 bytes, Stack size 0 bytes, startup_pac55xx_keil.o(.text))
<BR>[Address Reference Count : 1]<UL><LI> startup_pac55xx_keil.o(RESET)
</UL>
<P><STRONG><a name="[1c]"></a>GpioE_IRQHandler</STRONG> (Thumb, 0 bytes, Stack size 0 bytes, startup_pac55xx_keil.o(.text))
<BR>[Address Reference Count : 1]<UL><LI> startup_pac55xx_keil.o(RESET)
</UL>
<P><STRONG><a name="[1d]"></a>GpioF_IRQHandler</STRONG> (Thumb, 0 bytes, Stack size 0 bytes, startup_pac55xx_keil.o(.text))
<BR>[Address Reference Count : 1]<UL><LI> startup_pac55xx_keil.o(RESET)
</UL>
<P><STRONG><a name="[1e]"></a>GpioG_IRQHandler</STRONG> (Thumb, 0 bytes, Stack size 0 bytes, startup_pac55xx_keil.o(.text))
<BR>[Address Reference Count : 1]<UL><LI> startup_pac55xx_keil.o(RESET)
</UL>
<P><STRONG><a name="[9]"></a>MemCtl_IRQHandler</STRONG> (Thumb, 0 bytes, Stack size 0 bytes, startup_pac55xx_keil.o(.text))
<BR>[Address Reference Count : 1]<UL><LI> startup_pac55xx_keil.o(RESET)
</UL>
<P><STRONG><a name="[14]"></a>QEPA_IRQHandler</STRONG> (Thumb, 0 bytes, Stack size 0 bytes, startup_pac55xx_keil.o(.text))
<BR>[Address Reference Count : 1]<UL><LI> startup_pac55xx_keil.o(RESET)
</UL>
<P><STRONG><a name="[15]"></a>QEPB_IRQHandler</STRONG> (Thumb, 0 bytes, Stack size 0 bytes, startup_pac55xx_keil.o(.text))
<BR>[Address Reference Count : 1]<UL><LI> startup_pac55xx_keil.o(RESET)
</UL>
<P><STRONG><a name="[17]"></a>QEPD_IRQHandler</STRONG> (Thumb, 0 bytes, Stack size 0 bytes, startup_pac55xx_keil.o(.text))
<BR>[Address Reference Count : 1]<UL><LI> startup_pac55xx_keil.o(RESET)
</UL>
<P><STRONG><a name="[a]"></a>Wdt_IRQHandler</STRONG> (Thumb, 0 bytes, Stack size 0 bytes, startup_pac55xx_keil.o(.text))
<BR>[Address Reference Count : 1]<UL><LI> startup_pac55xx_keil.o(RESET)
</UL>
<P><STRONG><a name="[62]"></a>pac_delay_asm</STRONG> (Thumb, 0 bytes, Stack size unknown bytes, startup_pac55xx_keil.o(.text))
<BR><BR>[Called By]<UL><LI><a href="#[29]">&gt;&gt;</a>&nbsp;&nbsp;&nbsp;pac_recovery
</UL>

<P><STRONG><a name="[31]"></a>__aeabi_dmul</STRONG> (Thumb, 228 bytes, Stack size 48 bytes, dmul.o(.text))
<BR><BR>[Stack]<UL><LI>Max Depth = 88<LI>Call Chain = __aeabi_dmul &rArr; _double_epilogue &rArr; _double_round
</UL>
<BR>[Calls]<UL><LI><a href="#[32]">&gt;&gt;</a>&nbsp;&nbsp;&nbsp;_double_epilogue
</UL>
<BR>[Called By]<UL><LI><a href="#[55]">&gt;&gt;</a>&nbsp;&nbsp;&nbsp;adc_manual_convert_vsys
<LI><a href="#[56]">&gt;&gt;</a>&nbsp;&nbsp;&nbsp;adc_manual_convert_vp
<LI><a href="#[52]">&gt;&gt;</a>&nbsp;&nbsp;&nbsp;adc_manual_convert_vcore
<LI><a href="#[54]">&gt;&gt;</a>&nbsp;&nbsp;&nbsp;adc_manual_convert_vccio
<LI><a href="#[53]">&gt;&gt;</a>&nbsp;&nbsp;&nbsp;adc_manual_convert_vcc33
<LI><a href="#[43]">&gt;&gt;</a>&nbsp;&nbsp;&nbsp;_fp_digits
</UL>

<P><STRONG><a name="[33]"></a>__aeabi_i2d</STRONG> (Thumb, 34 bytes, Stack size 16 bytes, dflti.o(.text))
<BR><BR>[Stack]<UL><LI>Max Depth = 56<LI>Call Chain = __aeabi_i2d &rArr; _double_epilogue &rArr; _double_round
</UL>
<BR>[Calls]<UL><LI><a href="#[32]">&gt;&gt;</a>&nbsp;&nbsp;&nbsp;_double_epilogue
</UL>
<BR>[Called By]<UL><LI><a href="#[55]">&gt;&gt;</a>&nbsp;&nbsp;&nbsp;adc_manual_convert_vsys
<LI><a href="#[56]">&gt;&gt;</a>&nbsp;&nbsp;&nbsp;adc_manual_convert_vp
<LI><a href="#[52]">&gt;&gt;</a>&nbsp;&nbsp;&nbsp;adc_manual_convert_vcore
<LI><a href="#[54]">&gt;&gt;</a>&nbsp;&nbsp;&nbsp;adc_manual_convert_vccio
<LI><a href="#[53]">&gt;&gt;</a>&nbsp;&nbsp;&nbsp;adc_manual_convert_vcc33
</UL>

<P><STRONG><a name="[5b]"></a>__aeabi_f2d</STRONG> (Thumb, 38 bytes, Stack size 0 bytes, f2d.o(.text))
<BR><BR>[Called By]<UL><LI><a href="#[55]">&gt;&gt;</a>&nbsp;&nbsp;&nbsp;adc_manual_convert_vsys
<LI><a href="#[56]">&gt;&gt;</a>&nbsp;&nbsp;&nbsp;adc_manual_convert_vp
<LI><a href="#[52]">&gt;&gt;</a>&nbsp;&nbsp;&nbsp;adc_manual_convert_vcore
<LI><a href="#[54]">&gt;&gt;</a>&nbsp;&nbsp;&nbsp;adc_manual_convert_vccio
<LI><a href="#[53]">&gt;&gt;</a>&nbsp;&nbsp;&nbsp;adc_manual_convert_vcc33
</UL>

<P><STRONG><a name="[34]"></a>__aeabi_d2f</STRONG> (Thumb, 56 bytes, Stack size 8 bytes, d2f.o(.text))
<BR><BR>[Stack]<UL><LI>Max Depth = 8<LI>Call Chain = __aeabi_d2f
</UL>
<BR>[Calls]<UL><LI><a href="#[35]">&gt;&gt;</a>&nbsp;&nbsp;&nbsp;_float_round
</UL>
<BR>[Called By]<UL><LI><a href="#[55]">&gt;&gt;</a>&nbsp;&nbsp;&nbsp;adc_manual_convert_vsys
<LI><a href="#[56]">&gt;&gt;</a>&nbsp;&nbsp;&nbsp;adc_manual_convert_vp
<LI><a href="#[52]">&gt;&gt;</a>&nbsp;&nbsp;&nbsp;adc_manual_convert_vcore
<LI><a href="#[54]">&gt;&gt;</a>&nbsp;&nbsp;&nbsp;adc_manual_convert_vccio
<LI><a href="#[53]">&gt;&gt;</a>&nbsp;&nbsp;&nbsp;adc_manual_convert_vcc33
</UL>

<P><STRONG><a name="[6e]"></a>__aeabi_uidiv</STRONG> (Thumb, 0 bytes, Stack size 12 bytes, uidiv.o(.text), UNUSED)

<P><STRONG><a name="[47]"></a>__aeabi_uidivmod</STRONG> (Thumb, 44 bytes, Stack size 12 bytes, uidiv.o(.text), UNUSED)
<BR><BR>[Called By]<UL><LI><a href="#[42]">&gt;&gt;</a>&nbsp;&nbsp;&nbsp;_printf_core
</UL>

<P><STRONG><a name="[36]"></a>__aeabi_uldivmod</STRONG> (Thumb, 98 bytes, Stack size 40 bytes, uldiv.o(.text), UNUSED)
<BR><BR>[Calls]<UL><LI><a href="#[37]">&gt;&gt;</a>&nbsp;&nbsp;&nbsp;__aeabi_llsr
<LI><a href="#[38]">&gt;&gt;</a>&nbsp;&nbsp;&nbsp;__aeabi_llsl
</UL>
<BR>[Called By]<UL><LI><a href="#[42]">&gt;&gt;</a>&nbsp;&nbsp;&nbsp;_printf_core
<LI><a href="#[43]">&gt;&gt;</a>&nbsp;&nbsp;&nbsp;_fp_digits
</UL>

<P><STRONG><a name="[6f]"></a>__I$use$fp</STRONG> (Thumb, 0 bytes, Stack size 0 bytes, iusefp.o(.text), UNUSED)

<P><STRONG><a name="[35]"></a>_float_round</STRONG> (Thumb, 18 bytes, Stack size 0 bytes, fepilogue.o(.text))
<BR><BR>[Called By]<UL><LI><a href="#[34]">&gt;&gt;</a>&nbsp;&nbsp;&nbsp;__aeabi_d2f
</UL>

<P><STRONG><a name="[70]"></a>_float_epilogue</STRONG> (Thumb, 92 bytes, Stack size 4 bytes, fepilogue.o(.text), UNUSED)

<P><STRONG><a name="[39]"></a>_double_round</STRONG> (Thumb, 30 bytes, Stack size 8 bytes, depilogue.o(.text))
<BR><BR>[Stack]<UL><LI>Max Depth = 8<LI>Call Chain = _double_round
</UL>
<BR>[Called By]<UL><LI><a href="#[32]">&gt;&gt;</a>&nbsp;&nbsp;&nbsp;_double_epilogue
<LI><a href="#[3e]">&gt;&gt;</a>&nbsp;&nbsp;&nbsp;__aeabi_ddiv
<LI><a href="#[3a]">&gt;&gt;</a>&nbsp;&nbsp;&nbsp;__aeabi_dadd
</UL>

<P><STRONG><a name="[32]"></a>_double_epilogue</STRONG> (Thumb, 156 bytes, Stack size 32 bytes, depilogue.o(.text))
<BR><BR>[Stack]<UL><LI>Max Depth = 40<LI>Call Chain = _double_epilogue &rArr; _double_round
</UL>
<BR>[Calls]<UL><LI><a href="#[37]">&gt;&gt;</a>&nbsp;&nbsp;&nbsp;__aeabi_llsr
<LI><a href="#[38]">&gt;&gt;</a>&nbsp;&nbsp;&nbsp;__aeabi_llsl
<LI><a href="#[39]">&gt;&gt;</a>&nbsp;&nbsp;&nbsp;_double_round
</UL>
<BR>[Called By]<UL><LI><a href="#[33]">&gt;&gt;</a>&nbsp;&nbsp;&nbsp;__aeabi_i2d
<LI><a href="#[31]">&gt;&gt;</a>&nbsp;&nbsp;&nbsp;__aeabi_dmul
<LI><a href="#[3a]">&gt;&gt;</a>&nbsp;&nbsp;&nbsp;__aeabi_dadd
</UL>

<P><STRONG><a name="[3a]"></a>__aeabi_dadd</STRONG> (Thumb, 322 bytes, Stack size 48 bytes, dadd.o(.text), UNUSED)
<BR><BR>[Calls]<UL><LI><a href="#[3b]">&gt;&gt;</a>&nbsp;&nbsp;&nbsp;__aeabi_lasr
<LI><a href="#[38]">&gt;&gt;</a>&nbsp;&nbsp;&nbsp;__aeabi_llsl
<LI><a href="#[39]">&gt;&gt;</a>&nbsp;&nbsp;&nbsp;_double_round
<LI><a href="#[32]">&gt;&gt;</a>&nbsp;&nbsp;&nbsp;_double_epilogue
</UL>
<BR>[Called By]<UL><LI><a href="#[3d]">&gt;&gt;</a>&nbsp;&nbsp;&nbsp;__aeabi_drsub
<LI><a href="#[3c]">&gt;&gt;</a>&nbsp;&nbsp;&nbsp;__aeabi_dsub
<LI><a href="#[43]">&gt;&gt;</a>&nbsp;&nbsp;&nbsp;_fp_digits
</UL>

<P><STRONG><a name="[3c]"></a>__aeabi_dsub</STRONG> (Thumb, 6 bytes, Stack size 0 bytes, dadd.o(.text), UNUSED)
<BR><BR>[Calls]<UL><LI><a href="#[3a]">&gt;&gt;</a>&nbsp;&nbsp;&nbsp;__aeabi_dadd
</UL>

<P><STRONG><a name="[3d]"></a>__aeabi_drsub</STRONG> (Thumb, 6 bytes, Stack size 0 bytes, dadd.o(.text), UNUSED)
<BR><BR>[Calls]<UL><LI><a href="#[3a]">&gt;&gt;</a>&nbsp;&nbsp;&nbsp;__aeabi_dadd
</UL>

<P><STRONG><a name="[3e]"></a>__aeabi_ddiv</STRONG> (Thumb, 222 bytes, Stack size 32 bytes, ddiv.o(.text), UNUSED)
<BR><BR>[Calls]<UL><LI><a href="#[39]">&gt;&gt;</a>&nbsp;&nbsp;&nbsp;_double_round
</UL>
<BR>[Called By]<UL><LI><a href="#[43]">&gt;&gt;</a>&nbsp;&nbsp;&nbsp;_fp_digits
</UL>

<P><STRONG><a name="[3f]"></a>__aeabi_d2ulz</STRONG> (Thumb, 48 bytes, Stack size 0 bytes, dfixul.o(.text), UNUSED)
<BR><BR>[Calls]<UL><LI><a href="#[37]">&gt;&gt;</a>&nbsp;&nbsp;&nbsp;__aeabi_llsr
<LI><a href="#[38]">&gt;&gt;</a>&nbsp;&nbsp;&nbsp;__aeabi_llsl
</UL>
<BR>[Called By]<UL><LI><a href="#[43]">&gt;&gt;</a>&nbsp;&nbsp;&nbsp;_fp_digits
</UL>

<P><STRONG><a name="[44]"></a>__aeabi_cdrcmple</STRONG> (Thumb, 48 bytes, Stack size 0 bytes, cdrcmple.o(.text), UNUSED)
<BR><BR>[Called By]<UL><LI><a href="#[43]">&gt;&gt;</a>&nbsp;&nbsp;&nbsp;_fp_digits
</UL>

<P><STRONG><a name="[2e]"></a>__scatterload</STRONG> (Thumb, 28 bytes, Stack size 0 bytes, init.o(.text))
<BR><BR>[Calls]<UL><LI><a href="#[40]">&gt;&gt;</a>&nbsp;&nbsp;&nbsp;__main_after_scatterload
</UL>
<BR>[Called By]<UL><LI><a href="#[2d]">&gt;&gt;</a>&nbsp;&nbsp;&nbsp;_main_scatterload
</UL>

<P><STRONG><a name="[71]"></a>__scatterload_rt2</STRONG> (Thumb, 0 bytes, Stack size 0 bytes, init.o(.text), UNUSED)

<P><STRONG><a name="[38]"></a>__aeabi_llsl</STRONG> (Thumb, 30 bytes, Stack size 0 bytes, llshl.o(.text))
<BR><BR>[Called By]<UL><LI><a href="#[36]">&gt;&gt;</a>&nbsp;&nbsp;&nbsp;__aeabi_uldivmod
<LI><a href="#[32]">&gt;&gt;</a>&nbsp;&nbsp;&nbsp;_double_epilogue
<LI><a href="#[3a]">&gt;&gt;</a>&nbsp;&nbsp;&nbsp;__aeabi_dadd
<LI><a href="#[3f]">&gt;&gt;</a>&nbsp;&nbsp;&nbsp;__aeabi_d2ulz
</UL>

<P><STRONG><a name="[72]"></a>_ll_shift_l</STRONG> (Thumb, 0 bytes, Stack size 0 bytes, llshl.o(.text), UNUSED)

<P><STRONG><a name="[37]"></a>__aeabi_llsr</STRONG> (Thumb, 32 bytes, Stack size 0 bytes, llushr.o(.text))
<BR><BR>[Called By]<UL><LI><a href="#[36]">&gt;&gt;</a>&nbsp;&nbsp;&nbsp;__aeabi_uldivmod
<LI><a href="#[32]">&gt;&gt;</a>&nbsp;&nbsp;&nbsp;_double_epilogue
<LI><a href="#[3f]">&gt;&gt;</a>&nbsp;&nbsp;&nbsp;__aeabi_d2ulz
</UL>

<P><STRONG><a name="[73]"></a>_ll_ushift_r</STRONG> (Thumb, 0 bytes, Stack size 0 bytes, llushr.o(.text), UNUSED)

<P><STRONG><a name="[3b]"></a>__aeabi_lasr</STRONG> (Thumb, 36 bytes, Stack size 0 bytes, llsshr.o(.text), UNUSED)
<BR><BR>[Called By]<UL><LI><a href="#[3a]">&gt;&gt;</a>&nbsp;&nbsp;&nbsp;__aeabi_dadd
</UL>

<P><STRONG><a name="[74]"></a>_ll_sshift_r</STRONG> (Thumb, 0 bytes, Stack size 0 bytes, llsshr.o(.text), UNUSED)

<P><STRONG><a name="[1f]"></a>I2C_IRQHandler</STRONG> (Thumb, 188 bytes, Stack size 0 bytes, i2c_isr.o(i.I2C_IRQHandler))
<BR>[Address Reference Count : 1]<UL><LI> startup_pac55xx_keil.o(RESET)
</UL>
<P><STRONG><a name="[8]"></a>SysTick_Handler</STRONG> (Thumb, 8 bytes, Stack size 0 bytes, sleep_app.o(i.SysTick_Handler))
<BR>[Address Reference Count : 1]<UL><LI> startup_pac55xx_keil.o(RESET)
</UL>
<P><STRONG><a name="[2a]"></a>SystemInit</STRONG> (Thumb, 18 bytes, Stack size 0 bytes, system_pac5xxx.o(i.SystemInit))
<BR>[Address Reference Count : 1]<UL><LI> startup_pac55xx_keil.o(.text)
</UL>
<P><STRONG><a name="[20]"></a>USARTA_IRQHandler</STRONG> (Thumb, 40 bytes, Stack size 0 bytes, uart_isr.o(i.USARTA_IRQHandler))
<BR>[Address Reference Count : 1]<UL><LI> startup_pac55xx_keil.o(RESET)
</UL>
<P><STRONG><a name="[21]"></a>USARTB_IRQHandler</STRONG> (Thumb, 54 bytes, Stack size 0 bytes, uart_isr.o(i.USARTB_IRQHandler))
<BR>[Address Reference Count : 1]<UL><LI> startup_pac55xx_keil.o(RESET)
</UL>
<P><STRONG><a name="[22]"></a>USARTC_IRQHandler</STRONG> (Thumb, 94 bytes, Stack size 8 bytes, uart_isr.o(i.USARTC_IRQHandler))
<BR><BR>[Stack]<UL><LI>Max Depth = 8<LI>Call Chain = USARTC_IRQHandler
</UL>
<BR>[Address Reference Count : 1]<UL><LI> startup_pac55xx_keil.o(RESET)
</UL>
<P><STRONG><a name="[23]"></a>USARTD_IRQHandler</STRONG> (Thumb, 40 bytes, Stack size 0 bytes, uart_isr.o(i.USARTD_IRQHandler))
<BR>[Address Reference Count : 1]<UL><LI> startup_pac55xx_keil.o(RESET)
</UL>
<P><STRONG><a name="[41]"></a>__0printf</STRONG> (Thumb, 22 bytes, Stack size 24 bytes, printfa.o(i.__0printf), UNUSED)
<BR><BR>[Calls]<UL><LI><a href="#[42]">&gt;&gt;</a>&nbsp;&nbsp;&nbsp;_printf_core
</UL>

<P><STRONG><a name="[75]"></a>__1printf</STRONG> (Thumb, 0 bytes, Stack size 24 bytes, printfa.o(i.__0printf), UNUSED)

<P><STRONG><a name="[5a]"></a>__2printf</STRONG> (Thumb, 0 bytes, Stack size 24 bytes, printfa.o(i.__0printf))
<BR><BR>[Stack]<UL><LI>Max Depth = 24<LI>Call Chain = __2printf
</UL>
<BR>[Called By]<UL><LI><a href="#[51]">&gt;&gt;</a>&nbsp;&nbsp;&nbsp;adc_manual_sample
<LI><a href="#[55]">&gt;&gt;</a>&nbsp;&nbsp;&nbsp;adc_manual_convert_vsys
<LI><a href="#[56]">&gt;&gt;</a>&nbsp;&nbsp;&nbsp;adc_manual_convert_vp
<LI><a href="#[52]">&gt;&gt;</a>&nbsp;&nbsp;&nbsp;adc_manual_convert_vcore
<LI><a href="#[54]">&gt;&gt;</a>&nbsp;&nbsp;&nbsp;adc_manual_convert_vccio
<LI><a href="#[53]">&gt;&gt;</a>&nbsp;&nbsp;&nbsp;adc_manual_convert_vcc33
<LI><a href="#[57]">&gt;&gt;</a>&nbsp;&nbsp;&nbsp;adc_manual_convert_temperature
</UL>

<P><STRONG><a name="[76]"></a>__c89printf</STRONG> (Thumb, 0 bytes, Stack size 24 bytes, printfa.o(i.__0printf), UNUSED)

<P><STRONG><a name="[77]"></a>printf</STRONG> (Thumb, 0 bytes, Stack size 24 bytes, printfa.o(i.__0printf), UNUSED)

<P><STRONG><a name="[78]"></a>__scatterload_copy</STRONG> (Thumb, 14 bytes, Stack size unknown bytes, handlers.o(i.__scatterload_copy), UNUSED)

<P><STRONG><a name="[79]"></a>__scatterload_null</STRONG> (Thumb, 2 bytes, Stack size unknown bytes, handlers.o(i.__scatterload_null), UNUSED)

<P><STRONG><a name="[7a]"></a>__scatterload_zeroinit</STRONG> (Thumb, 14 bytes, Stack size unknown bytes, handlers.o(i.__scatterload_zeroinit), UNUSED)

<P><STRONG><a name="[48]"></a>adc_app</STRONG> (Thumb, 78 bytes, Stack size 0 bytes, adc_app.o(i.adc_app))
<BR><BR>[Stack]<UL><LI>Max Depth = 104<LI>Call Chain = adc_app &rArr; adc_manual_convert_vsys &rArr; __aeabi_dmul &rArr; _double_epilogue &rArr; _double_round
</UL>
<BR>[Calls]<UL><LI><a href="#[4a]">&gt;&gt;</a>&nbsp;&nbsp;&nbsp;uart_init
<LI><a href="#[49]">&gt;&gt;</a>&nbsp;&nbsp;&nbsp;system_init
<LI><a href="#[4b]">&gt;&gt;</a>&nbsp;&nbsp;&nbsp;gpio_output_init
<LI><a href="#[50]">&gt;&gt;</a>&nbsp;&nbsp;&nbsp;delay_times
<LI><a href="#[4d]">&gt;&gt;</a>&nbsp;&nbsp;&nbsp;configurable_analog_front_end_init
<LI><a href="#[4e]">&gt;&gt;</a>&nbsp;&nbsp;&nbsp;analog_signal_aio_adc_config
<LI><a href="#[51]">&gt;&gt;</a>&nbsp;&nbsp;&nbsp;adc_manual_sample
<LI><a href="#[4f]">&gt;&gt;</a>&nbsp;&nbsp;&nbsp;adc_manual_init
<LI><a href="#[55]">&gt;&gt;</a>&nbsp;&nbsp;&nbsp;adc_manual_convert_vsys
<LI><a href="#[56]">&gt;&gt;</a>&nbsp;&nbsp;&nbsp;adc_manual_convert_vp
<LI><a href="#[52]">&gt;&gt;</a>&nbsp;&nbsp;&nbsp;adc_manual_convert_vcore
<LI><a href="#[54]">&gt;&gt;</a>&nbsp;&nbsp;&nbsp;adc_manual_convert_vccio
<LI><a href="#[53]">&gt;&gt;</a>&nbsp;&nbsp;&nbsp;adc_manual_convert_vcc33
<LI><a href="#[57]">&gt;&gt;</a>&nbsp;&nbsp;&nbsp;adc_manual_convert_temperature
<LI><a href="#[4c]">&gt;&gt;</a>&nbsp;&nbsp;&nbsp;pac5xxx_tile_socbridge_config
</UL>
<BR>[Called By]<UL><LI><a href="#[28]">&gt;&gt;</a>&nbsp;&nbsp;&nbsp;main
</UL>

<P><STRONG><a name="[58]"></a>adc_manual_convert_amplifier</STRONG> (Thumb, 46 bytes, Stack size 8 bytes, adc_func.o(i.adc_manual_convert_amplifier))
<BR><BR>[Stack]<UL><LI>Max Depth = 12<LI>Call Chain = adc_manual_convert_amplifier &rArr; pac5xxx_tile_register_write
</UL>
<BR>[Calls]<UL><LI><a href="#[59]">&gt;&gt;</a>&nbsp;&nbsp;&nbsp;pac5xxx_tile_register_write
</UL>
<BR>[Called By]<UL><LI><a href="#[51]">&gt;&gt;</a>&nbsp;&nbsp;&nbsp;adc_manual_sample
</UL>

<P><STRONG><a name="[57]"></a>adc_manual_convert_temperature</STRONG> (Thumb, 108 bytes, Stack size 8 bytes, adc_func.o(i.adc_manual_convert_temperature))
<BR><BR>[Stack]<UL><LI>Max Depth = 32<LI>Call Chain = adc_manual_convert_temperature &rArr; __2printf
</UL>
<BR>[Calls]<UL><LI><a href="#[59]">&gt;&gt;</a>&nbsp;&nbsp;&nbsp;pac5xxx_tile_register_write
<LI><a href="#[5a]">&gt;&gt;</a>&nbsp;&nbsp;&nbsp;__2printf
</UL>
<BR>[Called By]<UL><LI><a href="#[48]">&gt;&gt;</a>&nbsp;&nbsp;&nbsp;adc_app
</UL>

<P><STRONG><a name="[53]"></a>adc_manual_convert_vcc33</STRONG> (Thumb, 128 bytes, Stack size 16 bytes, adc_func.o(i.adc_manual_convert_vcc33))
<BR><BR>[Stack]<UL><LI>Max Depth = 104<LI>Call Chain = adc_manual_convert_vcc33 &rArr; __aeabi_dmul &rArr; _double_epilogue &rArr; _double_round
</UL>
<BR>[Calls]<UL><LI><a href="#[59]">&gt;&gt;</a>&nbsp;&nbsp;&nbsp;pac5xxx_tile_register_write
<LI><a href="#[33]">&gt;&gt;</a>&nbsp;&nbsp;&nbsp;__aeabi_i2d
<LI><a href="#[5b]">&gt;&gt;</a>&nbsp;&nbsp;&nbsp;__aeabi_f2d
<LI><a href="#[31]">&gt;&gt;</a>&nbsp;&nbsp;&nbsp;__aeabi_dmul
<LI><a href="#[34]">&gt;&gt;</a>&nbsp;&nbsp;&nbsp;__aeabi_d2f
<LI><a href="#[5a]">&gt;&gt;</a>&nbsp;&nbsp;&nbsp;__2printf
</UL>
<BR>[Called By]<UL><LI><a href="#[48]">&gt;&gt;</a>&nbsp;&nbsp;&nbsp;adc_app
</UL>

<P><STRONG><a name="[54]"></a>adc_manual_convert_vccio</STRONG> (Thumb, 128 bytes, Stack size 16 bytes, adc_func.o(i.adc_manual_convert_vccio))
<BR><BR>[Stack]<UL><LI>Max Depth = 104<LI>Call Chain = adc_manual_convert_vccio &rArr; __aeabi_dmul &rArr; _double_epilogue &rArr; _double_round
</UL>
<BR>[Calls]<UL><LI><a href="#[59]">&gt;&gt;</a>&nbsp;&nbsp;&nbsp;pac5xxx_tile_register_write
<LI><a href="#[33]">&gt;&gt;</a>&nbsp;&nbsp;&nbsp;__aeabi_i2d
<LI><a href="#[5b]">&gt;&gt;</a>&nbsp;&nbsp;&nbsp;__aeabi_f2d
<LI><a href="#[31]">&gt;&gt;</a>&nbsp;&nbsp;&nbsp;__aeabi_dmul
<LI><a href="#[34]">&gt;&gt;</a>&nbsp;&nbsp;&nbsp;__aeabi_d2f
<LI><a href="#[5a]">&gt;&gt;</a>&nbsp;&nbsp;&nbsp;__2printf
</UL>
<BR>[Called By]<UL><LI><a href="#[48]">&gt;&gt;</a>&nbsp;&nbsp;&nbsp;adc_app
</UL>

<P><STRONG><a name="[52]"></a>adc_manual_convert_vcore</STRONG> (Thumb, 128 bytes, Stack size 16 bytes, adc_func.o(i.adc_manual_convert_vcore))
<BR><BR>[Stack]<UL><LI>Max Depth = 104<LI>Call Chain = adc_manual_convert_vcore &rArr; __aeabi_dmul &rArr; _double_epilogue &rArr; _double_round
</UL>
<BR>[Calls]<UL><LI><a href="#[59]">&gt;&gt;</a>&nbsp;&nbsp;&nbsp;pac5xxx_tile_register_write
<LI><a href="#[33]">&gt;&gt;</a>&nbsp;&nbsp;&nbsp;__aeabi_i2d
<LI><a href="#[5b]">&gt;&gt;</a>&nbsp;&nbsp;&nbsp;__aeabi_f2d
<LI><a href="#[31]">&gt;&gt;</a>&nbsp;&nbsp;&nbsp;__aeabi_dmul
<LI><a href="#[34]">&gt;&gt;</a>&nbsp;&nbsp;&nbsp;__aeabi_d2f
<LI><a href="#[5a]">&gt;&gt;</a>&nbsp;&nbsp;&nbsp;__2printf
</UL>
<BR>[Called By]<UL><LI><a href="#[48]">&gt;&gt;</a>&nbsp;&nbsp;&nbsp;adc_app
</UL>

<P><STRONG><a name="[56]"></a>adc_manual_convert_vp</STRONG> (Thumb, 128 bytes, Stack size 16 bytes, adc_func.o(i.adc_manual_convert_vp))
<BR><BR>[Stack]<UL><LI>Max Depth = 104<LI>Call Chain = adc_manual_convert_vp &rArr; __aeabi_dmul &rArr; _double_epilogue &rArr; _double_round
</UL>
<BR>[Calls]<UL><LI><a href="#[59]">&gt;&gt;</a>&nbsp;&nbsp;&nbsp;pac5xxx_tile_register_write
<LI><a href="#[33]">&gt;&gt;</a>&nbsp;&nbsp;&nbsp;__aeabi_i2d
<LI><a href="#[5b]">&gt;&gt;</a>&nbsp;&nbsp;&nbsp;__aeabi_f2d
<LI><a href="#[31]">&gt;&gt;</a>&nbsp;&nbsp;&nbsp;__aeabi_dmul
<LI><a href="#[34]">&gt;&gt;</a>&nbsp;&nbsp;&nbsp;__aeabi_d2f
<LI><a href="#[5a]">&gt;&gt;</a>&nbsp;&nbsp;&nbsp;__2printf
</UL>
<BR>[Called By]<UL><LI><a href="#[48]">&gt;&gt;</a>&nbsp;&nbsp;&nbsp;adc_app
</UL>

<P><STRONG><a name="[55]"></a>adc_manual_convert_vsys</STRONG> (Thumb, 128 bytes, Stack size 16 bytes, adc_func.o(i.adc_manual_convert_vsys))
<BR><BR>[Stack]<UL><LI>Max Depth = 104<LI>Call Chain = adc_manual_convert_vsys &rArr; __aeabi_dmul &rArr; _double_epilogue &rArr; _double_round
</UL>
<BR>[Calls]<UL><LI><a href="#[59]">&gt;&gt;</a>&nbsp;&nbsp;&nbsp;pac5xxx_tile_register_write
<LI><a href="#[33]">&gt;&gt;</a>&nbsp;&nbsp;&nbsp;__aeabi_i2d
<LI><a href="#[5b]">&gt;&gt;</a>&nbsp;&nbsp;&nbsp;__aeabi_f2d
<LI><a href="#[31]">&gt;&gt;</a>&nbsp;&nbsp;&nbsp;__aeabi_dmul
<LI><a href="#[34]">&gt;&gt;</a>&nbsp;&nbsp;&nbsp;__aeabi_d2f
<LI><a href="#[5a]">&gt;&gt;</a>&nbsp;&nbsp;&nbsp;__2printf
</UL>
<BR>[Called By]<UL><LI><a href="#[48]">&gt;&gt;</a>&nbsp;&nbsp;&nbsp;adc_app
</UL>

<P><STRONG><a name="[4f]"></a>adc_manual_init</STRONG> (Thumb, 128 bytes, Stack size 8 bytes, adc_func.o(i.adc_manual_init))
<BR><BR>[Stack]<UL><LI>Max Depth = 8<LI>Call Chain = adc_manual_init
</UL>
<BR>[Calls]<UL><LI><a href="#[5d]">&gt;&gt;</a>&nbsp;&nbsp;&nbsp;pac5xxx_adc_config_io
<LI><a href="#[5c]">&gt;&gt;</a>&nbsp;&nbsp;&nbsp;pac5xxx_adc_config_emux_io
<LI><a href="#[5e]">&gt;&gt;</a>&nbsp;&nbsp;&nbsp;pac5xxx_adc_config
</UL>
<BR>[Called By]<UL><LI><a href="#[48]">&gt;&gt;</a>&nbsp;&nbsp;&nbsp;adc_app
</UL>

<P><STRONG><a name="[51]"></a>adc_manual_sample</STRONG> (Thumb, 220 bytes, Stack size 8 bytes, adc_func.o(i.adc_manual_sample))
<BR><BR>[Stack]<UL><LI>Max Depth = 32<LI>Call Chain = adc_manual_sample &rArr; __2printf
</UL>
<BR>[Calls]<UL><LI><a href="#[58]">&gt;&gt;</a>&nbsp;&nbsp;&nbsp;adc_manual_convert_amplifier
<LI><a href="#[5a]">&gt;&gt;</a>&nbsp;&nbsp;&nbsp;__2printf
</UL>
<BR>[Called By]<UL><LI><a href="#[48]">&gt;&gt;</a>&nbsp;&nbsp;&nbsp;adc_app
</UL>

<P><STRONG><a name="[4e]"></a>analog_signal_aio_adc_config</STRONG> (Thumb, 102 bytes, Stack size 8 bytes, adc_func.o(i.analog_signal_aio_adc_config))
<BR><BR>[Stack]<UL><LI>Max Depth = 12<LI>Call Chain = analog_signal_aio_adc_config &rArr; pac5xxx_tile_register_write
</UL>
<BR>[Calls]<UL><LI><a href="#[59]">&gt;&gt;</a>&nbsp;&nbsp;&nbsp;pac5xxx_tile_register_write
</UL>
<BR>[Called By]<UL><LI><a href="#[48]">&gt;&gt;</a>&nbsp;&nbsp;&nbsp;adc_app
</UL>

<P><STRONG><a name="[4d]"></a>configurable_analog_front_end_init</STRONG> (Thumb, 152 bytes, Stack size 8 bytes, adc_func.o(i.configurable_analog_front_end_init))
<BR><BR>[Stack]<UL><LI>Max Depth = 12<LI>Call Chain = configurable_analog_front_end_init &rArr; pac5xxx_tile_register_write
</UL>
<BR>[Calls]<UL><LI><a href="#[59]">&gt;&gt;</a>&nbsp;&nbsp;&nbsp;pac5xxx_tile_register_write
<LI><a href="#[5f]">&gt;&gt;</a>&nbsp;&nbsp;&nbsp;pac5xxx_tile_register_read
</UL>
<BR>[Called By]<UL><LI><a href="#[48]">&gt;&gt;</a>&nbsp;&nbsp;&nbsp;adc_app
</UL>

<P><STRONG><a name="[50]"></a>delay_times</STRONG> (Thumb, 30 bytes, Stack size 0 bytes, user.o(i.delay_times))
<BR><BR>[Called By]<UL><LI><a href="#[48]">&gt;&gt;</a>&nbsp;&nbsp;&nbsp;adc_app
</UL>

<P><STRONG><a name="[2c]"></a>fputc</STRONG> (Thumb, 20 bytes, Stack size 0 bytes, user_printf.o(i.fputc))
<BR>[Address Reference Count : 1]<UL><LI> printfa.o(i.__0printf)
</UL>
<P><STRONG><a name="[4b]"></a>gpio_output_init</STRONG> (Thumb, 88 bytes, Stack size 0 bytes, gpio_func.o(i.gpio_output_init))
<BR><BR>[Called By]<UL><LI><a href="#[48]">&gt;&gt;</a>&nbsp;&nbsp;&nbsp;adc_app
</UL>

<P><STRONG><a name="[28]"></a>main</STRONG> (Thumb, 6 bytes, Stack size 0 bytes, main.o(i.main))
<BR><BR>[Stack]<UL><LI>Max Depth = 104<LI>Call Chain = main &rArr; adc_app &rArr; adc_manual_convert_vsys &rArr; __aeabi_dmul &rArr; _double_epilogue &rArr; _double_round
</UL>
<BR>[Calls]<UL><LI><a href="#[48]">&gt;&gt;</a>&nbsp;&nbsp;&nbsp;adc_app
</UL>
<BR>[Address Reference Count : 1]<UL><LI> entry9a.o(.ARM.Collect$$$$0000000B)
</UL>
<P><STRONG><a name="[5e]"></a>pac5xxx_adc_config</STRONG> (Thumb, 34 bytes, Stack size 0 bytes, pac5xxx_driver_adc.o(i.pac5xxx_adc_config))
<BR><BR>[Called By]<UL><LI><a href="#[4f]">&gt;&gt;</a>&nbsp;&nbsp;&nbsp;adc_manual_init
</UL>

<P><STRONG><a name="[5c]"></a>pac5xxx_adc_config_emux_io</STRONG> (Thumb, 48 bytes, Stack size 0 bytes, pac5xxx_driver_adc.o(i.pac5xxx_adc_config_emux_io))
<BR><BR>[Called By]<UL><LI><a href="#[4f]">&gt;&gt;</a>&nbsp;&nbsp;&nbsp;adc_manual_init
</UL>

<P><STRONG><a name="[5d]"></a>pac5xxx_adc_config_io</STRONG> (Thumb, 192 bytes, Stack size 0 bytes, pac5xxx_driver_adc.o(i.pac5xxx_adc_config_io))
<BR><BR>[Called By]<UL><LI><a href="#[4f]">&gt;&gt;</a>&nbsp;&nbsp;&nbsp;adc_manual_init
</UL>

<P><STRONG><a name="[60]"></a>pac5xxx_socbridge_config</STRONG> (Thumb, 158 bytes, Stack size 0 bytes, pac5xxx_driver_socbridge.o(i.pac5xxx_socbridge_config))
<BR><BR>[Called By]<UL><LI><a href="#[4c]">&gt;&gt;</a>&nbsp;&nbsp;&nbsp;pac5xxx_tile_socbridge_config
</UL>

<P><STRONG><a name="[61]"></a>pac5xxx_socbridge_config_io</STRONG> (Thumb, 68 bytes, Stack size 0 bytes, pac5xxx_driver_socbridge.o(i.pac5xxx_socbridge_config_io))
<BR><BR>[Called By]<UL><LI><a href="#[4c]">&gt;&gt;</a>&nbsp;&nbsp;&nbsp;pac5xxx_tile_socbridge_config
</UL>

<P><STRONG><a name="[63]"></a>pac5xxx_sys_pll_config_enable</STRONG> (Thumb, 60 bytes, Stack size 0 bytes, pac5xxx_driver_system.o(i.pac5xxx_sys_pll_config_enable))
<BR><BR>[Called By]<UL><LI><a href="#[49]">&gt;&gt;</a>&nbsp;&nbsp;&nbsp;system_init
</UL>

<P><STRONG><a name="[5f]"></a>pac5xxx_tile_register_read</STRONG> (Thumb, 30 bytes, Stack size 0 bytes, pac5xxx_driver_tile_socbridge.o(i.pac5xxx_tile_register_read))
<BR><BR>[Called By]<UL><LI><a href="#[4d]">&gt;&gt;</a>&nbsp;&nbsp;&nbsp;configurable_analog_front_end_init
</UL>

<P><STRONG><a name="[59]"></a>pac5xxx_tile_register_write</STRONG> (Thumb, 48 bytes, Stack size 4 bytes, pac5xxx_driver_tile_socbridge.o(i.pac5xxx_tile_register_write))
<BR><BR>[Stack]<UL><LI>Max Depth = 4<LI>Call Chain = pac5xxx_tile_register_write
</UL>
<BR>[Called By]<UL><LI><a href="#[4d]">&gt;&gt;</a>&nbsp;&nbsp;&nbsp;configurable_analog_front_end_init
<LI><a href="#[4e]">&gt;&gt;</a>&nbsp;&nbsp;&nbsp;analog_signal_aio_adc_config
<LI><a href="#[55]">&gt;&gt;</a>&nbsp;&nbsp;&nbsp;adc_manual_convert_vsys
<LI><a href="#[56]">&gt;&gt;</a>&nbsp;&nbsp;&nbsp;adc_manual_convert_vp
<LI><a href="#[52]">&gt;&gt;</a>&nbsp;&nbsp;&nbsp;adc_manual_convert_vcore
<LI><a href="#[54]">&gt;&gt;</a>&nbsp;&nbsp;&nbsp;adc_manual_convert_vccio
<LI><a href="#[53]">&gt;&gt;</a>&nbsp;&nbsp;&nbsp;adc_manual_convert_vcc33
<LI><a href="#[57]">&gt;&gt;</a>&nbsp;&nbsp;&nbsp;adc_manual_convert_temperature
<LI><a href="#[58]">&gt;&gt;</a>&nbsp;&nbsp;&nbsp;adc_manual_convert_amplifier
</UL>

<P><STRONG><a name="[4c]"></a>pac5xxx_tile_socbridge_config</STRONG> (Thumb, 14 bytes, Stack size 8 bytes, pac5xxx_driver_tile_socbridge.o(i.pac5xxx_tile_socbridge_config))
<BR><BR>[Stack]<UL><LI>Max Depth = 8<LI>Call Chain = pac5xxx_tile_socbridge_config
</UL>
<BR>[Calls]<UL><LI><a href="#[61]">&gt;&gt;</a>&nbsp;&nbsp;&nbsp;pac5xxx_socbridge_config_io
<LI><a href="#[60]">&gt;&gt;</a>&nbsp;&nbsp;&nbsp;pac5xxx_socbridge_config
</UL>
<BR>[Called By]<UL><LI><a href="#[48]">&gt;&gt;</a>&nbsp;&nbsp;&nbsp;adc_app
</UL>

<P><STRONG><a name="[64]"></a>pac5xxx_uart_config_LCR2</STRONG> (Thumb, 50 bytes, Stack size 8 bytes, pac5xxx_driver_uart.o(i.pac5xxx_uart_config_LCR2))
<BR><BR>[Stack]<UL><LI>Max Depth = 8<LI>Call Chain = pac5xxx_uart_config_LCR2
</UL>
<BR>[Called By]<UL><LI><a href="#[4a]">&gt;&gt;</a>&nbsp;&nbsp;&nbsp;uart_init
</UL>

<P><STRONG><a name="[65]"></a>pac5xxx_uart_config_divisor_latch2</STRONG> (Thumb, 4 bytes, Stack size 0 bytes, pac5xxx_driver_uart.o(i.pac5xxx_uart_config_divisor_latch2))
<BR><BR>[Called By]<UL><LI><a href="#[4a]">&gt;&gt;</a>&nbsp;&nbsp;&nbsp;uart_init
</UL>

<P><STRONG><a name="[29]"></a>pac_recovery</STRONG> (Thumb, 60 bytes, Stack size 16 bytes, pac5xxx_driver_system.o(i.pac_recovery))
<BR><BR>[Stack]<UL><LI>Max Depth = 16 + Unknown Stack Size
<LI>Call Chain = pac_recovery
</UL>
<BR>[Calls]<UL><LI><a href="#[62]">&gt;&gt;</a>&nbsp;&nbsp;&nbsp;pac_delay_asm
</UL>
<BR>[Address Reference Count : 1]<UL><LI> startup_pac55xx_keil.o(.text)
</UL>
<P><STRONG><a name="[49]"></a>system_init</STRONG> (Thumb, 148 bytes, Stack size 16 bytes, sysclk_func.o(i.system_init))
<BR><BR>[Stack]<UL><LI>Max Depth = 16<LI>Call Chain = system_init
</UL>
<BR>[Calls]<UL><LI><a href="#[63]">&gt;&gt;</a>&nbsp;&nbsp;&nbsp;pac5xxx_sys_pll_config_enable
</UL>
<BR>[Called By]<UL><LI><a href="#[48]">&gt;&gt;</a>&nbsp;&nbsp;&nbsp;adc_app
</UL>

<P><STRONG><a name="[4a]"></a>uart_init</STRONG> (Thumb, 148 bytes, Stack size 24 bytes, uart_func.o(i.uart_init))
<BR><BR>[Stack]<UL><LI>Max Depth = 32<LI>Call Chain = uart_init &rArr; pac5xxx_uart_config_LCR2
</UL>
<BR>[Calls]<UL><LI><a href="#[65]">&gt;&gt;</a>&nbsp;&nbsp;&nbsp;pac5xxx_uart_config_divisor_latch2
<LI><a href="#[64]">&gt;&gt;</a>&nbsp;&nbsp;&nbsp;pac5xxx_uart_config_LCR2
<LI><a href="#[66]">&gt;&gt;</a>&nbsp;&nbsp;&nbsp;uart_io_config
<LI><a href="#[67]">&gt;&gt;</a>&nbsp;&nbsp;&nbsp;uart_interrupt_enable
</UL>
<BR>[Called By]<UL><LI><a href="#[48]">&gt;&gt;</a>&nbsp;&nbsp;&nbsp;adc_app
</UL>

<P><STRONG><a name="[67]"></a>uart_interrupt_enable</STRONG> (Thumb, 102 bytes, Stack size 0 bytes, uart_func.o(i.uart_interrupt_enable))
<BR><BR>[Called By]<UL><LI><a href="#[4a]">&gt;&gt;</a>&nbsp;&nbsp;&nbsp;uart_init
</UL>

<P><STRONG><a name="[66]"></a>uart_io_config</STRONG> (Thumb, 246 bytes, Stack size 0 bytes, uart_func.o(i.uart_io_config))
<BR><BR>[Called By]<UL><LI><a href="#[4a]">&gt;&gt;</a>&nbsp;&nbsp;&nbsp;uart_init
</UL>

<P><STRONG><a name="[c]"></a>ADC_IRQHandler</STRONG> (Thumb, 116 bytes, Stack size 0 bytes, adc_isr.o(ramfunc))
<BR>[Address Reference Count : 1]<UL><LI> startup_pac55xx_keil.o(RESET)
</UL>
<P><STRONG><a name="[d]"></a>ADC1_IRQHandler</STRONG> (Thumb, 76 bytes, Stack size 0 bytes, adc_isr.o(ramfunc))
<BR>[Address Reference Count : 1]<UL><LI> startup_pac55xx_keil.o(RESET)
</UL>
<P><STRONG><a name="[e]"></a>ADC2_IRQHandler</STRONG> (Thumb, 138 bytes, Stack size 0 bytes, adc_isr.o(ramfunc))
<BR>[Address Reference Count : 1]<UL><LI> startup_pac55xx_keil.o(RESET)
</UL>
<P><STRONG><a name="[f]"></a>ADC3_IRQHandler</STRONG> (Thumb, 96 bytes, Stack size 0 bytes, adc_isr.o(ramfunc))
<BR>[Address Reference Count : 1]<UL><LI> startup_pac55xx_keil.o(RESET)
</UL>
<P><STRONG><a name="[24]"></a>CAN_IRQHandler</STRONG> (Thumb, 110 bytes, Stack size 4 bytes, can_isr.o(ramfunc))
<BR><BR>[Stack]<UL><LI>Max Depth = 4<LI>Call Chain = CAN_IRQHandler
</UL>
<BR>[Address Reference Count : 1]<UL><LI> startup_pac55xx_keil.o(RESET)
</UL>
<P><STRONG><a name="[1a]"></a>GpioC_IRQHandler</STRONG> (Thumb, 28 bytes, Stack size 0 bytes, gpio_isr.o(ramfunc))
<BR>[Address Reference Count : 1]<UL><LI> startup_pac55xx_keil.o(RESET)
</UL>
<P><STRONG><a name="[25]"></a>GPTimerA_IRQHandler</STRONG> (Thumb, 38 bytes, Stack size 0 bytes, gptimera_isr.o(ramfunc))
<BR>[Address Reference Count : 1]<UL><LI> startup_pac55xx_keil.o(RESET)
</UL>
<P><STRONG><a name="[26]"></a>GPTimerB_IRQHandler</STRONG> (Thumb, 38 bytes, Stack size 0 bytes, gptimerb_isr.o(ramfunc))
<BR>[Address Reference Count : 1]<UL><LI> startup_pac55xx_keil.o(RESET)
</UL>
<P><STRONG><a name="[b]"></a>RTC_IRQHandler</STRONG> (Thumb, 22 bytes, Stack size 0 bytes, rtc_isr.o(ramfunc))
<BR>[Address Reference Count : 1]<UL><LI> startup_pac55xx_keil.o(RESET)
</UL>
<P><STRONG><a name="[10]"></a>TimerA_IRQHandler</STRONG> (Thumb, 80 bytes, Stack size 0 bytes, timer_isr.o(ramfunc))
<BR>[Address Reference Count : 1]<UL><LI> startup_pac55xx_keil.o(RESET)
</UL>
<P><STRONG><a name="[11]"></a>TimerB_IRQHandler</STRONG> (Thumb, 38 bytes, Stack size 0 bytes, timer_isr.o(ramfunc))
<BR>[Address Reference Count : 1]<UL><LI> startup_pac55xx_keil.o(RESET)
</UL>
<P><STRONG><a name="[12]"></a>TimerC_IRQHandler</STRONG> (Thumb, 38 bytes, Stack size 0 bytes, timer_isr.o(ramfunc))
<BR>[Address Reference Count : 1]<UL><LI> startup_pac55xx_keil.o(RESET)
</UL>
<P><STRONG><a name="[13]"></a>TimerD_IRQHandler</STRONG> (Thumb, 78 bytes, Stack size 0 bytes, timer_isr.o(ramfunc))
<BR>[Address Reference Count : 1]<UL><LI> startup_pac55xx_keil.o(RESET)
</UL>
<P><STRONG><a name="[16]"></a>QEPC_IRQHandler</STRONG> (Thumb, 122 bytes, Stack size 0 bytes, qep_isr.o(ramfunc))
<BR>[Address Reference Count : 1]<UL><LI> startup_pac55xx_keil.o(RESET)
</UL><P>
<H3>
Local Symbols
</H3>
<P><STRONG><a name="[43]"></a>_fp_digits</STRONG> (Thumb, 366 bytes, Stack size 64 bytes, printfa.o(i._fp_digits), UNUSED)
<BR><BR>[Calls]<UL><LI><a href="#[31]">&gt;&gt;</a>&nbsp;&nbsp;&nbsp;__aeabi_dmul
<LI><a href="#[36]">&gt;&gt;</a>&nbsp;&nbsp;&nbsp;__aeabi_uldivmod
<LI><a href="#[3e]">&gt;&gt;</a>&nbsp;&nbsp;&nbsp;__aeabi_ddiv
<LI><a href="#[3a]">&gt;&gt;</a>&nbsp;&nbsp;&nbsp;__aeabi_dadd
<LI><a href="#[3f]">&gt;&gt;</a>&nbsp;&nbsp;&nbsp;__aeabi_d2ulz
<LI><a href="#[44]">&gt;&gt;</a>&nbsp;&nbsp;&nbsp;__aeabi_cdrcmple
</UL>
<BR>[Called By]<UL><LI><a href="#[42]">&gt;&gt;</a>&nbsp;&nbsp;&nbsp;_printf_core
</UL>

<P><STRONG><a name="[42]"></a>_printf_core</STRONG> (Thumb, 1744 bytes, Stack size 136 bytes, printfa.o(i._printf_core), UNUSED)
<BR><BR>[Calls]<UL><LI><a href="#[36]">&gt;&gt;</a>&nbsp;&nbsp;&nbsp;__aeabi_uldivmod
<LI><a href="#[47]">&gt;&gt;</a>&nbsp;&nbsp;&nbsp;__aeabi_uidivmod
<LI><a href="#[45]">&gt;&gt;</a>&nbsp;&nbsp;&nbsp;_printf_pre_padding
<LI><a href="#[46]">&gt;&gt;</a>&nbsp;&nbsp;&nbsp;_printf_post_padding
<LI><a href="#[43]">&gt;&gt;</a>&nbsp;&nbsp;&nbsp;_fp_digits
</UL>
<BR>[Called By]<UL><LI><a href="#[41]">&gt;&gt;</a>&nbsp;&nbsp;&nbsp;__0printf
</UL>

<P><STRONG><a name="[46]"></a>_printf_post_padding</STRONG> (Thumb, 36 bytes, Stack size 24 bytes, printfa.o(i._printf_post_padding), UNUSED)
<BR><BR>[Called By]<UL><LI><a href="#[42]">&gt;&gt;</a>&nbsp;&nbsp;&nbsp;_printf_core
</UL>

<P><STRONG><a name="[45]"></a>_printf_pre_padding</STRONG> (Thumb, 46 bytes, Stack size 24 bytes, printfa.o(i._printf_pre_padding), UNUSED)
<BR><BR>[Called By]<UL><LI><a href="#[42]">&gt;&gt;</a>&nbsp;&nbsp;&nbsp;_printf_core
</UL>
<P>
<H3>
Undefined Global Symbols
</H3><HR></body></html>
